Component: ARM Compiler 5.05 update 2 (build 169) Tool: armlink [4d0f33]

==============================================================================

Section Cross References

    main.o(.text) refers to stm32f10x_usart.o(.text) for USART_Init
    main.o(.text) refers to misc.o(.text) for NVIC_PriorityGroupConfig
    main.o(.text) refers to stm32f10x_gpio.o(.text) for GPIO_Init
    main.o(.text) refers to stm32f10x_rcc.o(.text) for RCC_APB2PeriphClockCmd
    main.o(.text) refers to delay.o(.text) for delay_init
    main.o(.text) refers to usart.o(.text) for uart_init
    main.o(.text) refers to ms5611.o(.text) for MS5611_Init
    main.o(.text) refers to printfa.o(i.__0printf) for __2printf
    main.o(.text) refers to bt05.o(.text) for BT05_Init
    main.o(.text) refers to usart2.o(.text) for u2_printf
    main.o(.text) refers to ms5611.o(.data) for pressure
    ms5611.o(.text) refers to stm32f10x_rcc.o(.text) for RCC_APB2PeriphClockCmd
    ms5611.o(.text) refers to stm32f10x_gpio.o(.text) for GPIO_Init
    ms5611.o(.text) refers to stm32f10x_spi.o(.text) for SPI_Init
    ms5611.o(.text) refers to printfa.o(i.__0printf) for __2printf
    ms5611.o(.text) refers to delay.o(.text) for delay_us
    ms5611.o(.text) refers to pow.o(i.pow) for pow
    ms5611.o(.text) refers to dfltui.o(.text) for __aeabi_ui2d
    ms5611.o(.text) refers to dmul.o(.text) for __aeabi_dmul
    ms5611.o(.text) refers to dadd.o(.text) for __aeabi_dsub
    ms5611.o(.text) refers to ddiv.o(.text) for __aeabi_ddiv
    ms5611.o(.text) refers to cdcmple.o(.text) for __aeabi_cdcmple
    ms5611.o(.text) refers to d2f.o(.text) for __aeabi_d2f
    ms5611.o(.text) refers to f2d.o(.text) for __aeabi_f2d
    ms5611.o(.text) refers to ms5611.o(.bss) for FactoryCalculation
    ms5611.o(.text) refers to fmul.o(.text) for __aeabi_fmul
    ms5611.o(.text) refers to fadd.o(.text) for __aeabi_fadd
    bt05.o(.text) refers to stm32f10x_rcc.o(.text) for RCC_APB2PeriphClockCmd
    bt05.o(.text) refers to stm32f10x_gpio.o(.text) for GPIO_Init
    bt05.o(.text) refers to usart2.o(.text) for USART2_Init
    bt05.o(.text) refers to delay.o(.text) for delay_ms
    bt05.o(.text) refers to printfa.o(i.__0printf) for __2printf
    bt05.o(.text) refers to usart2.o(.data) for USART2_RX_STA
    bt05.o(.text) refers to usart2.o(.bss) for USART2_RX_BUF
    mydefine.o(.text) refers to stm32f10x_usart.o(.text) for USART_SendData
    stm32f10x_gpio.o(.text) refers to stm32f10x_rcc.o(.text) for RCC_APB2PeriphResetCmd
    stm32f10x_rcc.o(.text) refers to stm32f10x_rcc.o(.data) for APBAHBPrescTable
    stm32f10x_usart.o(.text) refers to stm32f10x_rcc.o(.text) for RCC_APB2PeriphResetCmd
    stm32f10x_spi.o(.text) refers to stm32f10x_rcc.o(.text) for RCC_APB2PeriphResetCmd
    stm32f10x_tim.o(.text) refers to stm32f10x_rcc.o(.text) for RCC_APB2PeriphResetCmd
    system_stm32f10x.o(.text) refers to system_stm32f10x.o(.data) for SystemCoreClock
    delay.o(.text) refers to misc.o(.text) for SysTick_CLKSourceConfig
    delay.o(.text) refers to system_stm32f10x.o(.data) for SystemCoreClock
    delay.o(.text) refers to delay.o(.data) for fac_us
    usart.o(.text) refers to stm32f10x_rcc.o(.text) for RCC_APB2PeriphClockCmd
    usart.o(.text) refers to stm32f10x_usart.o(.text) for USART_DeInit
    usart.o(.text) refers to stm32f10x_gpio.o(.text) for GPIO_Init
    usart.o(.text) refers to misc.o(.text) for NVIC_Init
    usart.o(.text) refers to usart.o(.data) for USART_RX_STA
    usart.o(.text) refers to usart.o(.bss) for USART_RX_BUF
    usart2.o(.text) refers to stm32f10x_tim.o(.text) for TIM_SetCounter
    usart2.o(.text) refers to stm32f10x_usart.o(.text) for USART_GetITStatus
    usart2.o(.text) refers to stm32f10x_rcc.o(.text) for RCC_APB1PeriphClockCmd
    usart2.o(.text) refers to misc.o(.text) for NVIC_Init
    usart2.o(.text) refers to stm32f10x_dma.o(.text) for DMA_DeInit
    usart2.o(.text) refers to stm32f10x_gpio.o(.text) for GPIO_Init
    usart2.o(.text) refers to printfa.o(i.__0vsprintf) for __c89vsprintf
    usart2.o(.text) refers to strlen.o(.text) for strlen
    usart2.o(.text) refers to usart2.o(.data) for USART2_RX_STA
    usart2.o(.text) refers to usart2.o(.bss) for USART2_RX_BUF
    startup_stm32f10x_hd.o(RESET) refers to startup_stm32f10x_hd.o(STACK) for __initial_sp
    startup_stm32f10x_hd.o(RESET) refers to startup_stm32f10x_hd.o(.text) for Reset_Handler
    startup_stm32f10x_hd.o(RESET) refers to stm32f10x_it.o(.text) for EXTI1_IRQHandler
    startup_stm32f10x_hd.o(RESET) refers to usart2.o(.text) for TIM4_IRQHandler
    startup_stm32f10x_hd.o(RESET) refers to usart.o(.text) for USART1_IRQHandler
    startup_stm32f10x_hd.o(.text) refers to system_stm32f10x.o(.text) for SystemInit
    startup_stm32f10x_hd.o(.text) refers to entry.o(.ARM.Collect$$$$00000000) for __main
    pow.o(i.__softfp_pow) refers (Special) to iusefp.o(.text) for __I$use$fp
    pow.o(i.__softfp_pow) refers to pow.o(i.pow) for pow
[...]
    printf3.o(i.__0snprintf$3) refers to printf3.o(i._printf_core) for _printf_core
    printf3.o(i.__0snprintf$3) refers to printf3.o(i._snputc) for _snputc
    printf3.o(i.__0sprintf$3) refers to printf3.o(i._printf_core) for _printf_core
    printf3.o(i.__0sprintf$3) refers to printf3.o(i._sputc) for _sputc
    printf3.o(i.__0vfprintf$3) refers to printf3.o(i._printf_core) for _printf_core
    printf3.o(i.__0vfprintf$3) refers to mydefine.o(.text) for fputc
    printf3.o(i.__0vprintf$3) refers to printf3.o(i._printf_core) for _printf_core
    printf3.o(i.__0vprintf$3) refers to mydefine.o(.text) for fputc
    printf3.o(i.__0vprintf$3) refers to stdout.o(.data) for __stdout
    printf3.o(i.__0vsnprintf$3) refers to printf3.o(i._printf_core) for _printf_core
    printf3.o(i.__0vsnprintf$3) refers to printf3.o(i._snputc) for _snputc
    printf3.o(i.__0vsprintf$3) refers to printf3.o(i._printf_core) for _printf_core
    printf3.o(i.__0vsprintf$3) refers to printf3.o(i._sputc) for _sputc
    printf3.o(i._printf_core) refers to uidiv.o(.text) for __aeabi_uidivmod
    printf4.o(i.__0fprintf$4) refers to printf4.o(i._printf_core) for _printf_core
    printf4.o(i.__0fprintf$4) refers to mydefine.o(.text) for fputc
    printf4.o(i.__0printf$4) refers to printf4.o(i._printf_core) for _printf_core
    printf4.o(i.__0printf$4) refers to mydefine.o(.text) for fputc
    printf4.o(i.__0printf$4) refers to stdout.o(.data) for __stdout
    printf4.o(i.__0snprintf$4) refers to printf4.o(i._printf_core) for _printf_core
    printf4.o(i.__0snprintf$4) refers to printf4.o(i._snputc) for _snputc
    printf4.o(i.__0sprintf$4) refers to printf4.o(i._printf_core) for _printf_core
    printf4.o(i.__0sprintf$4) refers to printf4.o(i._sputc) for _sputc
    printf4.o(i.__0vfprintf$4) refers to printf4.o(i._printf_core) for _printf_core
    printf4.o(i.__0vfprintf$4) refers to mydefine.o(.text) for fputc
    printf4.o(i.__0vprintf$4) refers to printf4.o(i._printf_core) for _printf_core
    printf4.o(i.__0vprintf$4) refers to mydefine.o(.text) for fputc
    printf4.o(i.__0vprintf$4) refers to stdout.o(.data) for __stdout
    printf4.o(i.__0vsnprintf$4) refers to printf4.o(i._printf_core) for _printf_core
    printf4.o(i.__0vsnprintf$4) refers to printf4.o(i._snputc) for _snputc
    printf4.o(i.__0vsprintf$4) refers to printf4.o(i._printf_core) for _printf_core
    printf4.o(i.__0vsprintf$4) refers to printf4.o(i._sputc) for _sputc
    printf4.o(i._printf_core) refers to uldiv.o(.text) for __aeabi_uldivmod
    printf5.o(i.__0fprintf$5) refers to printf5.o(i._printf_core) for _printf_core
    printf5.o(i.__0fprintf$5) refers to mydefine.o(.text) for fputc
    printf5.o(i.__0printf$5) refers to printf5.o(i._printf_core) for _printf_core
    printf5.o(i.__0printf$5) refers to mydefine.o(.text) for fputc
    printf5.o(i.__0printf$5) refers to stdout.o(.data) for __stdout
    printf5.o(i.__0snprintf$5) refers to printf5.o(i._printf_core) for _printf_core
    printf5.o(i.__0snprintf$5) refers to printf5.o(i._snputc) for _snputc
    printf5.o(i.__0sprintf$5) refers to printf5.o(i._printf_core) for _printf_core
    printf5.o(i.__0sprintf$5) refers to printf5.o(i._sputc) for _sputc
    printf5.o(i.__0vfprintf$5) refers to printf5.o(i._printf_core) for _printf_core
    printf5.o(i.__0vfprintf$5) refers to mydefine.o(.text) for fputc
    printf5.o(i.__0vprintf$5) refers to printf5.o(i._printf_core) for _printf_core
    printf5.o(i.__0vprintf$5) refers to mydefine.o(.text) for fputc
    printf5.o(i.__0vprintf$5) refers to stdout.o(.data) for __stdout
    printf5.o(i.__0vsnprintf$5) refers to printf5.o(i._printf_core) for _printf_core
    printf5.o(i.__0vsnprintf$5) refers to printf5.o(i._snputc) for _snputc
    printf5.o(i.__0vsprintf$5) refers to printf5.o(i._printf_core) for _printf_core
    printf5.o(i.__0vsprintf$5) refers to printf5.o(i._sputc) for _sputc
    printf5.o(i._printf_core) refers to uldiv.o(.text) for __aeabi_uldivmod
    printf6.o(i.__0fprintf$6) refers to printf6.o(i._printf_core) for _printf_core
    printf6.o(i.__0fprintf$6) refers to mydefine.o(.text) for fputc
    printf6.o(i.__0printf$6) refers to printf6.o(i._printf_core) for _printf_core
    printf6.o(i.__0printf$6) refers to mydefine.o(.text) for fputc
    printf6.o(i.__0printf$6) refers to stdout.o(.data) for __stdout
    printf6.o(i.__0snprintf$6) refers to printf6.o(i._printf_core) for _printf_core
    printf6.o(i.__0snprintf$6) refers to printf6.o(i._snputc) for _snputc
    printf6.o(i.__0sprintf$6) refers to printf6.o(i._printf_core) for _printf_core
    printf6.o(i.__0sprintf$6) refers to printf6.o(i._sputc) for _sputc
    printf6.o(i.__0vfprintf$6) refers to printf6.o(i._printf_core) for _printf_core
    printf6.o(i.__0vfprintf$6) refers to mydefine.o(.text) for fputc
    printf6.o(i.__0vprintf$6) refers to printf6.o(i._printf_core) for _printf_core
    printf6.o(i.__0vprintf$6) refers to mydefine.o(.text) for fputc
    printf6.o(i.__0vprintf$6) refers to stdout.o(.data) for __stdout
    printf6.o(i.__0vsnprintf$6) refers to printf6.o(i._printf_core) for _printf_core
    printf6.o(i.__0vsnprintf$6) refers to printf6.o(i._snputc) for _snputc
    printf6.o(i.__0vsprintf$6) refers to printf6.o(i._printf_core) for _printf_core
    printf6.o(i.__0vsprintf$6) refers to printf6.o(i._sputc) for _sputc
    printf6.o(i._printf_core) refers to printf6.o(i._printf_pre_padding) for _printf_pre_padding
    printf6.o(i._printf_core) refers to uidiv.o(.text) for __aeabi_uidivmod
    printf6.o(i._printf_core) refers to printf6.o(i._printf_post_padding) for _printf_post_padding
    printf7.o(i.__0fprintf$7) refers to printf7.o(i._printf_core) for _printf_core
    printf7.o(i.__0fprintf$7) refers to mydefine.o(.text) for fputc
    printf7.o(i.__0printf$7) refers to printf7.o(i._printf_core) for _printf_core
    printf7.o(i.__0printf$7) refers to mydefine.o(.text) for fputc
    printf7.o(i.__0printf$7) refers to stdout.o(.data) for __stdout
    printf7.o(i.__0snprintf$7) refers to printf7.o(i._printf_core) for _printf_core
    printf7.o(i.__0snprintf$7) refers to printf7.o(i._snputc) for _snputc
    printf7.o(i.__0sprintf$7) refers to printf7.o(i._printf_core) for _printf_core
    printf7.o(i.__0sprintf$7) refers to printf7.o(i._sputc) for _sputc
    printf7.o(i.__0vfprintf$7) refers to printf7.o(i._printf_core) for _printf_core
    printf7.o(i.__0vfprintf$7) refers to mydefine.o(.text) for fputc
    printf7.o(i.__0vprintf$7) refers to printf7.o(i._printf_core) for _printf_core
    printf7.o(i.__0vprintf$7) refers to mydefine.o(.text) for fputc
    printf7.o(i.__0vprintf$7) refers to stdout.o(.data) for __stdout
    printf7.o(i.__0vsnprintf$7) refers to printf7.o(i._printf_core) for _printf_core
    printf7.o(i.__0vsnprintf$7) refers to printf7.o(i._snputc) for _snputc
    printf7.o(i.__0vsprintf$7) refers to printf7.o(i._printf_core) for _printf_core
    printf7.o(i.__0vsprintf$7) refers to printf7.o(i._sputc) for _sputc
    printf7.o(i._printf_core) refers to printf7.o(i._printf_pre_padding) for _printf_pre_padding
    printf7.o(i._printf_core) refers to uldiv.o(.text) for __aeabi_uldivmod
    printf7.o(i._printf_core) refers to printf7.o(i._printf_post_padding) for _printf_post_padding
    printf8.o(i.__0fprintf$8) refers to printf8.o(i._printf_core) for _printf_core
    printf8.o(i.__0fprintf$8) refers to mydefine.o(.text) for fputc
    printf8.o(i.__0printf$8) refers to printf8.o(i._printf_core) for _printf_core
    printf8.o(i.__0printf$8) refers to mydefine.o(.text) for fputc
    printf8.o(i.__0printf$8) refers to stdout.o(.data) for __stdout
    printf8.o(i.__0snprintf$8) refers to printf8.o(i._printf_core) for _printf_core
    printf8.o(i.__0snprintf$8) refers to printf8.o(i._snputc) for _snputc
    printf8.o(i.__0sprintf$8) refers to printf8.o(i._printf_core) for _printf_core
    printf8.o(i.__0sprintf$8) refers to printf8.o(i._sputc) for _sputc
    printf8.o(i.__0vfprintf$8) refers to printf8.o(i._printf_core) for _printf_core
    printf8.o(i.__0vfprintf$8) refers to mydefine.o(.text) for fputc
    printf8.o(i.__0vprintf$8) refers to printf8.o(i._printf_core) for _printf_core
    printf8.o(i.__0vprintf$8) refers to mydefine.o(.text) for fputc
    printf8.o(i.__0vprintf$8) refers to stdout.o(.data) for __stdout
    printf8.o(i.__0vsnprintf$8) refers to printf8.o(i._printf_core) for _printf_core
    printf8.o(i.__0vsnprintf$8) refers to printf8.o(i._snputc) for _snputc
    printf8.o(i.__0vsprintf$8) refers to printf8.o(i._printf_core) for _printf_core
    printf8.o(i.__0vsprintf$8) refers to printf8.o(i._sputc) for _sputc
    printf8.o(i._printf_core) refers to printf8.o(i._printf_pre_padding) for _printf_pre_padding
    printf8.o(i._printf_core) refers to uldiv.o(.text) for __aeabi_uldivmod
    printf8.o(i._printf_core) refers to printf8.o(i._printf_post_padding) for _printf_post_padding
    printfa.o(i.__0fprintf) refers (Special) to iusefp.o(.text) for __I$use$fp
    printfa.o(i.__0fprintf) refers to printfa.o(i._printf_core) for _printf_core
    printfa.o(i.__0fprintf) refers to mydefine.o(.text) for fputc
    printfa.o(i.__0printf) refers (Special) to iusefp.o(.text) for __I$use$fp
    printfa.o(i.__0printf) refers to printfa.o(i._printf_core) for _printf_core
    printfa.o(i.__0printf) refers to mydefine.o(.text) for fputc
    printfa.o(i.__0printf) refers to stdout.o(.data) for __stdout
    printfa.o(i.__0snprintf) refers (Special) to iusefp.o(.text) for __I$use$fp
    printfa.o(i.__0snprintf) refers to printfa.o(i._printf_core) for _printf_core
    printfa.o(i.__0snprintf) refers to printfa.o(i._snputc) for _snputc
    printfa.o(i.__0sprintf) refers (Special) to iusefp.o(.text) for __I$use$fp
    printfa.o(i.__0sprintf) refers to printfa.o(i._printf_core) for _printf_core
    printfa.o(i.__0sprintf) refers to printfa.o(i._sputc) for _sputc
    printfa.o(i.__0vfprintf) refers (Special) to iusefp.o(.text) for __I$use$fp
    printfa.o(i.__0vfprintf) refers to printfa.o(i._printf_core) for _printf_core
    printfa.o(i.__0vfprintf) refers to mydefine.o(.text) for fputc
    printfa.o(i.__0vprintf) refers (Special) to iusefp.o(.text) for __I$use$fp
    printfa.o(i.__0vprintf) refers to printfa.o(i._printf_core) for _printf_core
    printfa.o(i.__0vprintf) refers to mydefine.o(.text) for fputc
    printfa.o(i.__0vprintf) refers to stdout.o(.data) for __stdout
    printfa.o(i.__0vsnprintf) refers (Special) to iusefp.o(.text) for __I$use$fp
    printfa.o(i.__0vsnprintf) refers to printfa.o(i._printf_core) for _printf_core
    printfa.o(i.__0vsnprintf) refers to printfa.o(i._snputc) for _snputc
    printfa.o(i.__0vsprintf) refers (Special) to iusefp.o(.text) for __I$use$fp
    printfa.o(i.__0vsprintf) refers to printfa.o(i._printf_core) for _printf_core
    printfa.o(i.__0vsprintf) refers to printfa.o(i._sputc) for _sputc
    printfa.o(i._fp_digits) refers (Special) to iusefp.o(.text) for __I$use$fp
    printfa.o(i._fp_digits) refers to dmul.o(.text) for __aeabi_dmul
    printfa.o(i._fp_digits) refers to ddiv.o(.text) for __aeabi_ddiv
    printfa.o(i._fp_digits) refers to cdrcmple.o(.text) for __aeabi_cdrcmple
    printfa.o(i._fp_digits) refers to dadd.o(.text) for __aeabi_dadd
    printfa.o(i._fp_digits) refers to dfixul.o(.text) for __aeabi_d2ulz
    printfa.o(i._fp_digits) refers to uldiv.o(.text) for __aeabi_uldivmod
    printfa.o(i._printf_core) refers (Special) to iusefp.o(.text) for __I$use$fp
    printfa.o(i._printf_core) refers to printfa.o(i._printf_pre_padding) for _printf_pre_padding
    printfa.o(i._printf_core) refers to uldiv.o(.text) for __aeabi_uldivmod
    printfa.o(i._printf_core) refers to printfa.o(i._printf_post_padding) for _printf_post_padding
    printfa.o(i._printf_core) refers to printfa.o(i._fp_digits) for _fp_digits
    printfa.o(i._printf_core) refers to uidiv.o(.text) for __aeabi_uidivmod
    printfa.o(i._printf_post_padding) refers (Special) to iusefp.o(.text) for __I$use$fp
    printfa.o(i._printf_pre_padding) refers (Special) to iusefp.o(.text) for __I$use$fp
    printfa.o(i._snputc) refers (Special) to iusefp.o(.text) for __I$use$fp
    printfa.o(i._sputc) refers (Special) to iusefp.o(.text) for __I$use$fp
    fadd.o(.text) refers (Special) to iusefp.o(.text) for __I$use$fp
    fadd.o(.text) refers to fepilogue.o(.text) for _float_epilogue
    fmul.o(.text) refers (Special) to iusefp.o(.text) for __I$use$fp
    dadd.o(.text) refers (Special) to iusefp.o(.text) for __I$use$fp
    dadd.o(.text) refers to llshl.o(.text) for __aeabi_llsl
    dadd.o(.text) refers to llsshr.o(.text) for __aeabi_lasr
    dadd.o(.text) refers to depilogue.o(.text) for _double_epilogue
    dmul.o(.text) refers (Special) to iusefp.o(.text) for __I$use$fp
    dmul.o(.text) refers to depilogue.o(.text) for _double_epilogue
    ddiv.o(.text) refers (Special) to iusefp.o(.text) for __I$use$fp
    ddiv.o(.text) refers to depilogue.o(.text) for _double_round
    dfltui.o(.text) refers (Special) to iusefp.o(.text) for __I$use$fp
    dfltui.o(.text) refers to depilogue.o(.text) for _double_epilogue
    f2d.o(.text) refers (Special) to iusefp.o(.text) for __I$use$fp
    cdcmple.o(.text) refers (Special) to iusefp.o(.text) for __I$use$fp
    d2f.o(.text) refers (Special) to iusefp.o(.text) for __I$use$fp
    d2f.o(.text) refers to fepilogue.o(.text) for _float_round
    dunder.o(i.__mathlib_dbl_divzero) refers to ddiv.o(.text) for __aeabi_ddiv
    dunder.o(i.__mathlib_dbl_infnan) refers to dscalb.o(.text) for __ARM_scalbn
    dunder.o(i.__mathlib_dbl_infnan2) refers to dadd.o(.text) for __aeabi_dadd
    dunder.o(i.__mathlib_dbl_invalid) refers to ddiv.o(.text) for __aeabi_ddiv
    dunder.o(i.__mathlib_dbl_overflow) refers to dscalb.o(.text) for __ARM_scalbn
    dunder.o(i.__mathlib_dbl_posinfnan) refers to dmul.o(.text) for __aeabi_dmul
    dunder.o(i.__mathlib_dbl_underflow) refers to dscalb.o(.text) for __ARM_scalbn
    fpclassify.o(i.__ARM_fpclassify) refers (Special) to iusefp.o(.text) for __I$use$fp
    poly.o(i.__kernel_poly) refers (Special) to iusefp.o(.text) for __I$use$fp
    poly.o(i.__kernel_poly) refers to dmul.o(.text) for __aeabi_dmul
    poly.o(i.__kernel_poly) refers to dadd.o(.text) for __aeabi_dadd
    qnan.o(.constdata) refers (Special) to iusefp.o(.text) for __I$use$fp
    sqrt.o(i.__softfp_sqrt) refers (Special) to iusefp.o(.text) for __I$use$fp
    sqrt.o(i.__softfp_sqrt) refers to dsqrt.o(.text) for _dsqrt
    sqrt.o(i.__softfp_sqrt) refers to errno.o(i.__set_errno) for __set_errno
    sqrt.o(i.sqrt) refers (Special) to iusefp.o(.text) for __I$use$fp
    sqrt.o(i.sqrt) refers to dsqrt.o(.text) for _dsqrt
    sqrt.o(i.sqrt) refers to errno.o(i.__set_errno) for __set_errno
    sqrt_x.o(i.____softfp_sqrt$lsc) refers (Special) to iusefp.o(.text) for __I$use$fp
    sqrt_x.o(i.____softfp_sqrt$lsc) refers to cdcmple.o(.text) for __aeabi_cdcmple
    sqrt_x.o(i.____softfp_sqrt$lsc) refers to errno.o(i.__set_errno) for __set_errno
    sqrt_x.o(i.____softfp_sqrt$lsc) refers to dsqrt.o(.text) for _dsqrt
    sqrt_x.o(i.__sqrt$lsc) refers (Special) to iusefp.o(.text) for __I$use$fp
    sqrt_x.o(i.__sqrt$lsc) refers to cdcmple.o(.text) for __aeabi_cdcmple
    sqrt_x.o(i.__sqrt$lsc) refers to errno.o(i.__set_errno) for __set_errno
    sqrt_x.o(i.__sqrt$lsc) refers to dsqrt.o(.text) for _dsqrt
    entry2.o(.ARM.Collect$$$$00000001) refers to entry2.o(.ARM.Collect$$$$00002712) for __lit__00000000
    entry2.o(.ARM.Collect$$$$00002712) refers to startup_stm32f10x_hd.o(STACK) for __initial_sp
    entry2.o(__vectab_stack_and_reset_area) refers to startup_stm32f10x_hd.o(STACK) for __initial_sp
    entry2.o(__vectab_stack_and_reset_area) refers to entry.o(.ARM.Collect$$$$00000000) for __main
    entry5.o(.ARM.Collect$$$$00000004) refers to init.o(.text) for __scatterload
    entry9a.o(.ARM.Collect$$$$0000000B) refers to main.o(.text) for main
    entry9b.o(.ARM.Collect$$$$0000000C) refers to main.o(.text) for main
    uldiv.o(.text) refers to llushr.o(.text) for __aeabi_llsr
    uldiv.o(.text) refers to llshl.o(.text) for __aeabi_llsl
    errno.o(i.__aeabi_errno_addr) refers to errno.o(.data) for .data
    errno.o(i.__read_errno) refers to errno.o(.data) for .data
    errno.o(i.__set_errno) refers to errno.o(.data) for .data
    depilogue.o(.text) refers to llshl.o(.text) for __aeabi_llsl
    depilogue.o(.text) refers to llushr.o(.text) for __aeabi_llsr
    dflti.o(.text) refers to depilogue.o(.text) for _double_epilogue
    dfixul.o(.text) refers to llushr.o(.text) for __aeabi_llsr
    dfixul.o(.text) refers to llshl.o(.text) for __aeabi_llsl
    init.o(.text) refers to entry5.o(.ARM.Collect$$$$00000004) for __main_after_scatterload
    dsqrt.o(.text) refers to llushr.o(.text) for __aeabi_llsr
    dsqrt.o(.text) refers to depilogue.o(.text) for _double_round


==============================================================================

Removing Unused input sections from the image.

    Removing stm32f10x_exti.o(.text), (284 bytes).
    Removing startup_stm32f10x_hd.o(HEAP), (512 bytes).
    Removing core_cm3.o(.emb_text), (32 bytes).

3 unused section(s) (total 828 bytes) removed from the image.

==============================================================================

Image Symbol Table

    Local Symbols

    Symbol Name                              Value     Ov Type        Size  Object(Section)

    ../clib/microlib/division.c              0x00000000   Number         0  uldiv.o ABSOLUTE
    ../clib/microlib/division.c              0x00000000   Number         0  uidiv.o ABSOLUTE
    ../clib/microlib/errno.c                 0x00000000   Number         0  errno.o ABSOLUTE
    ../clib/microlib/init/entry.s            0x00000000   Number         0  entry9b.o ABSOLUTE
    ../clib/microlib/init/entry.s            0x00000000   Number         0  entry11b.o ABSOLUTE
    ../clib/microlib/init/entry.s            0x00000000   Number         0  entry11a.o ABSOLUTE
    ../clib/microlib/init/entry.s            0x00000000   Number         0  entry9a.o ABSOLUTE
    ../clib/microlib/init/entry.s            0x00000000   Number         0  entry10b.o ABSOLUTE
    ../clib/microlib/init/entry.s            0x00000000   Number         0  entry8b.o ABSOLUTE
    ../clib/microlib/init/entry.s            0x00000000   Number         0  entry10a.o ABSOLUTE
    ../clib/microlib/init/entry.s            0x00000000   Number         0  entry.o ABSOLUTE
    ../clib/microlib/init/entry.s            0x00000000   Number         0  entry8a.o ABSOLUTE
    ../clib/microlib/init/entry.s            0x00000000   Number         0  entry2.o ABSOLUTE
    ../clib/microlib/init/entry.s            0x00000000   Number         0  entry7b.o ABSOLUTE
    ../clib/microlib/init/entry.s            0x00000000   Number         0  entry5.o ABSOLUTE
    ../clib/microlib/init/entry.s            0x00000000   Number         0  entry7a.o ABSOLUTE
    ../clib/microlib/longlong.c              0x00000000   Number         0  llushr.o ABSOLUTE
    ../clib/microlib/longlong.c              0x00000000   Number         0  llshl.o ABSOLUTE
    ../clib/microlib/longlong.c              0x00000000   Number         0  llsshr.o ABSOLUTE
    ../clib/microlib/printf/printf.c         0x00000000   Number         0  printf1.o ABSOLUTE
    ../clib/microlib/printf/printf.c         0x00000000   Number         0  printf0.o ABSOLUTE
    ../clib/microlib/printf/printf.c         0x00000000   Number         0  printfb.o ABSOLUTE
    ../clib/microlib/printf/printf.c         0x00000000   Number         0  printf7.o ABSOLUTE
    ../clib/microlib/printf/printf.c         0x00000000   Number         0  printf6.o ABSOLUTE
    ../clib/microlib/printf/printf.c         0x00000000   Number         0  printf5.o ABSOLUTE
    ../clib/microlib/printf/printf.c         0x00000000   Number         0  printf4.o ABSOLUTE
    ../clib/microlib/printf/printf.c         0x00000000   Number         0  printfa.o ABSOLUTE
    ../clib/microlib/printf/printf.c         0x00000000   Number         0  printf3.o ABSOLUTE
    ../clib/microlib/printf/printf.c         0x00000000   Number         0  printf8.o ABSOLUTE
    ../clib/microlib/printf/printf.c         0x00000000   Number         0  printf2.o ABSOLUTE
    ../clib/microlib/printf/stubs.s          0x00000000   Number         0  stubs.o ABSOLUTE
    ../clib/microlib/stdio/streams.c         0x00000000   Number         0  stdout.o ABSOLUTE
    ../clib/microlib/string/strlen.c         0x00000000   Number         0  strlen.o ABSOLUTE
    ../clib/microlib/stubs.s                 0x00000000   Number         0  iusefp.o ABSOLUTE
    ../fplib/microlib/d2f.c                  0x00000000   Number         0  d2f.o ABSOLUTE
    ../fplib/microlib/f2d.c                  0x00000000   Number         0  f2d.o ABSOLUTE
    ../fplib/microlib/fpadd.c                0x00000000   Number         0  fadd.o ABSOLUTE
    ../fplib/microlib/fpadd.c                0x00000000   Number         0  dadd.o ABSOLUTE
    ../fplib/microlib/fpdiv.c                0x00000000   Number         0  ddiv.o ABSOLUTE
    ../fplib/microlib/fpepilogue.c           0x00000000   Number         0  depilogue.o ABSOLUTE
    ../fplib/microlib/fpepilogue.c           0x00000000   Number         0  fepilogue.o ABSOLUTE
    ../fplib/microlib/fpfix.c                0x00000000   Number         0  dfixul.o ABSOLUTE
    ../fplib/microlib/fpflt.c                0x00000000   Number         0  dflti.o ABSOLUTE
    ../fplib/microlib/fpflt.c                0x00000000   Number         0  dfltui.o ABSOLUTE
    ../fplib/microlib/fpmul.c                0x00000000   Number         0  fmul.o ABSOLUTE
    ../fplib/microlib/fpmul.c                0x00000000   Number         0  dmul.o ABSOLUTE
    ../fplib/microlib/fpscalb.c              0x00000000   Number         0  dscalb.o ABSOLUTE
    ../fplib/microlib/fpsqrt.c               0x00000000   Number         0  dsqrt.o ABSOLUTE
    ../mathlib/dunder.c                      0x00000000   Number         0  dunder.o ABSOLUTE
    ../mathlib/fpclassify.c                  0x00000000   Number         0  fpclassify.o ABSOLUTE
    ../mathlib/poly.c                        0x00000000   Number         0  poly.o ABSOLUTE
    ../mathlib/pow.c                         0x00000000   Number         0  pow_x.o ABSOLUTE
    ../mathlib/pow.c                         0x00000000   Number         0  pow.o ABSOLUTE
    ../mathlib/qnan.c                        0x00000000   Number         0  qnan.o ABSOLUTE
    ../mathlib/sqrt.c                        0x00000000   Number         0  sqrt_x.o ABSOLUTE
    ../mathlib/sqrt.c                        0x00000000   Number         0  sqrt.o ABSOLUTE
    ASM\\core_cm3.c                          0x00000000   Number         0  core_cm3.o ABSOLUTE
    ASM\core_cm3.c                           0x00000000   Number         0  core_cm3.o ABSOLUTE
    ASM\startup_stm32f10x_hd.s               0x00000000   Number         0  startup_stm32f10x_hd.o ABSOLUTE
    LIB\src\stm32f10x_dma.c                  0x00000000   Number         0  stm32f10x_dma.o ABSOLUTE
    LIB\src\stm32f10x_spi.c                  0x00000000   Number         0  stm32f10x_spi.o ABSOLUTE
    LIB\src\stm32f10x_tim.c                  0x00000000   Number         0  stm32f10x_tim.o ABSOLUTE
    Lib\SRC\misc.c                           0x00000000   Number         0  misc.o ABSOLUTE
    Lib\SRC\stm32f10x_exti.c                 0x00000000   Number         0  stm32f10x_exti.o ABSOLUTE
    Lib\SRC\stm32f10x_gpio.c                 0x00000000   Number         0  stm32f10x_gpio.o ABSOLUTE
    Lib\SRC\stm32f10x_rcc.c                  0x00000000   Number         0  stm32f10x_rcc.o ABSOLUTE
    Lib\SRC\stm32f10x_usart.c                0x00000000   Number         0  stm32f10x_usart.o ABSOLUTE
    SYSTEM\usart\usart.c                     0x00000000   Number         0  usart.o ABSOLUTE
    SYSTEM\usart\usart2.c                    0x00000000   Number         0  usart2.o ABSOLUTE
    System\delay\delay.c                     0x00000000   Number         0  delay.o ABSOLUTE
    System\sys\sys.c                         0x00000000   Number         0  sys.o ABSOLUTE
    System\system_stm32f10x.c                0x00000000   Number         0  system_stm32f10x.o ABSOLUTE
    USR\BT05.c                               0x00000000   Number         0  bt05.o ABSOLUTE
    USR\main.c                               0x00000000   Number         0  main.o ABSOLUTE
    USR\ms5611.c                             0x00000000   Number         0  ms5611.o ABSOLUTE
    USR\mydefine.c                           0x00000000   Number         0  mydefine.o ABSOLUTE
    USR\stm32f10x_it.c                       0x00000000   Number         0  stm32f10x_it.o ABSOLUTE
    cdcmple.s                                0x00000000   Number         0  cdcmple.o ABSOLUTE
    cdrcmple.s                               0x00000000   Number         0  cdrcmple.o ABSOLUTE
    dc.s                                     0x00000000   Number         0  dc.o ABSOLUTE
    handlers.s                               0x00000000   Number         0  handlers.o ABSOLUTE
    init.s                                   0x00000000   Number         0  init.o ABSOLUTE
    RESET                                    0x08000000   Section      304  startup_stm32f10x_hd.o(RESET)
    .ARM.Collect$$$$00000000                 0x08000130   Section        0  entry.o(.ARM.Collect$$$$00000000)
    .ARM.Collect$$$$00000001                 0x08000130   Section        4  entry2.o(.ARM.Collect$$$$00000001)
    .ARM.Collect$$$$00000004                 0x08000134   Section        4  entry5.o(.ARM.Collect$$$$00000004)
    .ARM.Collect$$$$00000008                 0x08000138   Section        0  entry7b.o(.ARM.Collect$$$$00000008)
    .ARM.Collect$$$$0000000A                 0x08000138   Section        0  entry8b.o(.ARM.Collect$$$$0000000A)
    .ARM.Collect$$$$0000000B                 0x08000138   Section        8  entry9a.o(.ARM.Collect$$$$0000000B)
    .ARM.Collect$$$$0000000D                 0x08000140   Section        0  entry10a.o(.ARM.Collect$$$$0000000D)
    .ARM.Collect$$$$0000000F                 0x08000140   Section        0  entry11a.o(.ARM.Collect$$$$0000000F)
    .ARM.Collect$$$$00002712                 0x08000140   Section        4  entry2.o(.ARM.Collect$$$$00002712)
    __lit__00000000                          0x08000140   Data           4  entry2.o(.ARM.Collect$$$$00002712)
    .text                                    0x08000144   Section        0  main.o(.text)
    .text                                    0x080002d0   Section        0  ms5611.o(.text)
    .text                                    0x0800082c   Section        0  bt05.o(.text)
    .text                                    0x08000a90   Section        0  stm32f10x_it.o(.text)
    .text                                    0x08000a9c   Section        0  mydefine.o(.text)
    .text                                    0x08000ac0   Section        0  stm32f10x_gpio.o(.text)
    .text                                    0x08000e1c   Section        0  stm32f10x_rcc.o(.text)
    .text                                    0x080011c0   Section        0  misc.o(.text)
    .text                                    0x0800129c   Section        0  stm32f10x_usart.o(.text)
    .text                                    0x080016a4   Section        0  stm32f10x_spi.o(.text)
    .text                                    0x080019b0   Section        0  stm32f10x_dma.o(.text)
    .text                                    0x08001c04   Section        0  stm32f10x_tim.o(.text)
    TI4_Config                               0x080020ab   Thumb Code   130  stm32f10x_tim.o(.text)
    TI3_Config                               0x0800213f   Thumb Code   122  stm32f10x_tim.o(.text)
    TI2_Config                               0x080021d3   Thumb Code   130  stm32f10x_tim.o(.text)
    TI1_Config                               0x08002267   Thumb Code   108  stm32f10x_tim.o(.text)
    .text                                    0x08002a20   Section        0  system_stm32f10x.o(.text)
    SetSysClockTo72                          0x08002a21   Thumb Code   214  system_stm32f10x.o(.text)
    SetSysClock                              0x08002af7   Thumb Code     8  system_stm32f10x.o(.text)
    .text                                    0x08002c00   Section        0  delay.o(.text)
    .text                                    0x08002cd4   Section        0  usart.o(.text)
    .text                                    0x08002dfc   Section        0  usart2.o(.text)
    .text                                    0x08003080   Section       36  startup_stm32f10x_hd.o(.text)
    .text                                    0x080030a4   Section        0  strlen.o(.text)
    .text                                    0x080030b2   Section        0  fadd.o(.text)
    .text                                    0x08003162   Section        0  fmul.o(.text)
    .text                                    0x080031c6   Section        0  dadd.o(.text)
    .text                                    0x08003314   Section        0  dmul.o(.text)
    .text                                    0x080033f8   Section        0  ddiv.o(.text)
    .text                                    0x080034d6   Section        0  dfltui.o(.text)
    .text                                    0x080034f0   Section        0  f2d.o(.text)
    .text                                    0x08003518   Section       48  cdcmple.o(.text)
    .text                                    0x08003548   Section        0  d2f.o(.text)
    .text                                    0x08003580   Section        0  uidiv.o(.text)
    .text                                    0x080035ac   Section        0  uldiv.o(.text)
    .text                                    0x0800360e   Section        0  llshl.o(.text)
    .text                                    0x0800362c   Section        0  llsshr.o(.text)
    .text                                    0x08003650   Section        0  fepilogue.o(.text)
    .text                                    0x08003650   Section        0  iusefp.o(.text)
    .text                                    0x080036be   Section        0  depilogue.o(.text)
    .text                                    0x08003778   Section        0  dscalb.o(.text)
    .text                                    0x080037a6   Section        0  dflti.o(.text)
    .text                                    0x080037c8   Section        0  dfixul.o(.text)
    .text                                    0x080037f8   Section       48  cdrcmple.o(.text)
    .text                                    0x08003828   Section       36  init.o(.text)
    .text                                    0x0800384c   Section        0  llushr.o(.text)
    .text                                    0x0800386c   Section        0  dsqrt.o(.text)
    i.__0printf                              0x08003910   Section        0  printfa.o(i.__0printf)
    i.__0vsprintf                            0x08003930   Section        0  printfa.o(i.__0vsprintf)
    i.__ARM_fpclassify                       0x08003954   Section        0  fpclassify.o(i.__ARM_fpclassify)
    i.__kernel_poly                          0x0800397c   Section        0  poly.o(i.__kernel_poly)
    i.__mathlib_dbl_divzero                  0x08003a28   Section        0  dunder.o(i.__mathlib_dbl_divzero)
    i.__mathlib_dbl_infnan2                  0x08003a38   Section        0  dunder.o(i.__mathlib_dbl_infnan2)
    i.__mathlib_dbl_invalid                  0x08003a3c   Section        0  dunder.o(i.__mathlib_dbl_invalid)
    i.__mathlib_dbl_overflow                 0x08003a48   Section        0  dunder.o(i.__mathlib_dbl_overflow)
    i.__mathlib_dbl_underflow                0x08003a58   Section        0  dunder.o(i.__mathlib_dbl_underflow)
    i.__scatterload_copy                     0x08003a68   Section       14  handlers.o(i.__scatterload_copy)
    i.__scatterload_null                     0x08003a76   Section        2  handlers.o(i.__scatterload_null)
    i.__scatterload_zeroinit                 0x08003a78   Section       14  handlers.o(i.__scatterload_zeroinit)
    i.__set_errno                            0x08003a88   Section        0  errno.o(i.__set_errno)
    i._fp_digits                             0x08003a94   Section        0  printfa.o(i._fp_digits)
    _fp_digits                               0x08003a95   Thumb Code   334  printfa.o(i._fp_digits)
    i._printf_core                           0x08003bf8   Section        0  printfa.o(i._printf_core)
    _printf_core                             0x08003bf9   Thumb Code  1744  printfa.o(i._printf_core)
    i._printf_post_padding                   0x080042d4   Section        0  printfa.o(i._printf_post_padding)
    _printf_post_padding                     0x080042d5   Thumb Code    36  printfa.o(i._printf_post_padding)
    i._printf_pre_padding                    0x080042f8   Section        0  printfa.o(i._printf_pre_padding)
    _printf_pre_padding                      0x080042f9   Thumb Code    46  printfa.o(i._printf_pre_padding)
    i._sputc                                 0x08004326   Section        0  printfa.o(i._sputc)
    _sputc                                   0x08004327   Thumb Code    10  printfa.o(i._sputc)
    i.pow                                    0x08004330   Section        0  pow.o(i.pow)
    i.sqrt                                   0x08004ce8   Section        0  sqrt.o(i.sqrt)
    .constdata                               0x08004d38   Section      136  pow.o(.constdata)
    bp                                       0x08004d38   Data          16  pow.o(.constdata)
    dp_h                                     0x08004d48   Data          16  pow.o(.constdata)
    dp_l                                     0x08004d58   Data          16  pow.o(.constdata)
    L                                        0x08004d68   Data          48  pow.o(.constdata)
    P                                        0x08004d98   Data          40  pow.o(.constdata)
    .constdata                               0x08004dc0   Section        8  qnan.o(.constdata)
    .data                                    0x20000000   Section       16  ms5611.o(.data)
    .data                                    0x20000010   Section       20  stm32f10x_rcc.o(.data)
    APBAHBPrescTable                         0x20000010   Data          16  stm32f10x_rcc.o(.data)
    ADCPrescTable                            0x20000020   Data           4  stm32f10x_rcc.o(.data)
    .data                                    0x20000024   Section       20  system_stm32f10x.o(.data)
    .data                                    0x20000038   Section        4  delay.o(.data)
    fac_us                                   0x20000038   Data           1  delay.o(.data)
    fac_ms                                   0x2000003a   Data           2  delay.o(.data)
    .data                                    0x2000003c   Section        2  usart.o(.data)
    .data                                    0x2000003e   Section        2  usart2.o(.data)
    .data                                    0x20000040   Section        4  stdout.o(.data)
    .data                                    0x20000044   Section        4  errno.o(.data)
    _errno                                   0x20000044   Data           4  errno.o(.data)
    .bss                                     0x20000048   Section       14  ms5611.o(.bss)
    .bss                                     0x20000056   Section      200  usart.o(.bss)
    .bss                                     0x20000120   Section      400  usart2.o(.bss)
    STACK                                    0x200002b0   Section     1024  startup_stm32f10x_hd.o(STACK)

    Global Symbols

    Symbol Name                              Value     Ov Type        Size  Object(Section)

    BuildAttributes$$THM_ISAv4$P$D$K$B$S$PE$A:L22UL41UL21$X:L11$S22US41US21$IEEE1$IW$USESV6$~STKCKD$USESV7$~SHL$OTIME$ROPI$IEEEX$EBA8$MICROLIB$REQ8$PRES8$EABIv2 0x00000000   Number         0  anon$$obj.o ABSOLUTE
    __ARM_use_no_argv                        0x00000000   Number         0  main.o ABSOLUTE
    _printf_a                                0x00000000   Number         0  stubs.o ABSOLUTE
    _printf_c                                0x00000000   Number         0  stubs.o ABSOLUTE
    _printf_charcount                        0x00000000   Number         0  stubs.o ABSOLUTE
    _printf_d                                0x00000000   Number         0  stubs.o ABSOLUTE
    _printf_e                                0x00000000   Number         0  stubs.o ABSOLUTE
    _printf_f                                0x00000000   Number         0  stubs.o ABSOLUTE
    _printf_flags                            0x00000000   Number         0  stubs.o ABSOLUTE
    _printf_fp_dec                           0x00000000   Number         0  stubs.o ABSOLUTE
    _printf_fp_hex                           0x00000000   Number         0  stubs.o ABSOLUTE
    _printf_g                                0x00000000   Number         0  stubs.o ABSOLUTE
    _printf_i                                0x00000000   Number         0  stubs.o ABSOLUTE
    _printf_int_dec                          0x00000000   Number         0  stubs.o ABSOLUTE
    _printf_l                                0x00000000   Number         0  stubs.o ABSOLUTE
    _printf_lc                               0x00000000   Number         0  stubs.o ABSOLUTE
    _printf_ll                               0x00000000   Number         0  stubs.o ABSOLUTE
    _printf_lld                              0x00000000   Number         0  stubs.o ABSOLUTE
    _printf_lli                              0x00000000   Number         0  stubs.o ABSOLUTE
    _printf_llo                              0x00000000   Number         0  stubs.o ABSOLUTE
    _printf_llu                              0x00000000   Number         0  stubs.o ABSOLUTE
    _printf_llx                              0x00000000   Number         0  stubs.o ABSOLUTE
    _printf_longlong_dec                     0x00000000   Number         0  stubs.o ABSOLUTE
    _printf_longlong_hex                     0x00000000   Number         0  stubs.o ABSOLUTE
    _printf_longlong_oct                     0x00000000   Number         0  stubs.o ABSOLUTE
    _printf_ls                               0x00000000   Number         0  stubs.o ABSOLUTE
    _printf_mbtowc                           0x00000000   Number         0  stubs.o ABSOLUTE
    _printf_n                                0x00000000   Number         0  stubs.o ABSOLUTE
    _printf_o                                0x00000000   Number         0  stubs.o ABSOLUTE
    _printf_p                                0x00000000   Number         0  stubs.o ABSOLUTE
    _printf_percent                          0x00000000   Number         0  stubs.o ABSOLUTE
    _printf_pre_padding                      0x00000000   Number         0  stubs.o ABSOLUTE
    _printf_return_value                     0x00000000   Number         0  stubs.o ABSOLUTE
    _printf_s                                0x00000000   Number         0  stubs.o ABSOLUTE
    _printf_sizespec                         0x00000000   Number         0  stubs.o ABSOLUTE
    _printf_str                              0x00000000   Number         0  stubs.o ABSOLUTE
    _printf_truncate_signed                  0x00000000   Number         0  stubs.o ABSOLUTE
    _printf_truncate_unsigned                0x00000000   Number         0  stubs.o ABSOLUTE
    _printf_u                                0x00000000   Number         0  stubs.o ABSOLUTE
    _printf_wc                               0x00000000   Number         0  stubs.o ABSOLUTE
    _printf_wctomb                           0x00000000   Number         0  stubs.o ABSOLUTE
    _printf_widthprec                        0x00000000   Number         0  stubs.o ABSOLUTE
    _printf_x                                0x00000000   Number         0  stubs.o ABSOLUTE
    __cpp_initialize__aeabi_                  - Undefined Weak Reference
    __cxa_finalize                            - Undefined Weak Reference
    __decompress                              - Undefined Weak Reference
    _clock_init                               - Undefined Weak Reference
    _microlib_exit                            - Undefined Weak Reference
    __Vectors_Size                           0x00000130   Number         0  startup_stm32f10x_hd.o ABSOLUTE
    __Vectors                                0x08000000   Data           4  startup_stm32f10x_hd.o(RESET)
    __Vectors_End                            0x08000130   Data           0  startup_stm32f10x_hd.o(RESET)
    __main                                   0x08000131   Thumb Code     0  entry.o(.ARM.Collect$$$$00000000)
    _main_stk                                0x08000131   Thumb Code     0  entry2.o(.ARM.Collect$$$$00000001)
    _main_scatterload                        0x08000135   Thumb Code     0  entry5.o(.ARM.Collect$$$$00000004)
    __main_after_scatterload                 0x08000139   Thumb Code     0  entry5.o(.ARM.Collect$$$$00000004)
    _main_clock                              0x08000139   Thumb Code     0  entry7b.o(.ARM.Collect$$$$00000008)
    _main_cpp_init                           0x08000139   Thumb Code     0  entry8b.o(.ARM.Collect$$$$0000000A)
    _main_init                               0x08000139   Thumb Code     0  entry9a.o(.ARM.Collect$$$$0000000B)
    __rt_final_cpp                           0x08000141   Thumb Code     0  entry10a.o(.ARM.Collect$$$$0000000D)
    __rt_final_exit                          0x08000141   Thumb Code     0  entry11a.o(.ARM.Collect$$$$0000000F)
    USART_Configuration                      0x08000145   Thumb Code    70  main.o(.text)
    NVIC_Configuration                       0x0800018b   Thumb Code    40  main.o(.text)
    GPIO_Configuration                       0x080001b3   Thumb Code    54  main.o(.text)
    RCC_Configuration                        0x080001e9   Thumb Code    28  main.o(.text)
    main                                     0x08000205   Thumb Code   120  main.o(.text)
    MS5611_SPI_Configuration                 0x080002d1   Thumb Code   140  ms5611.o(.text)
    MS5611_ReadWriteByte                     0x0800035d   Thumb Code    82  ms5611.o(.text)
    MS5611_ReadPROM                          0x080003af   Thumb Code    74  ms5611.o(.text)
    MS5611_Reset                             0x080003f9   Thumb Code    36  ms5611.o(.text)
    MS5611_Init                              0x0800041d   Thumb Code    16  ms5611.o(.text)
    MS5611_ReadADCResult                     0x0800042d   Thumb Code    98  ms5611.o(.text)
    MS5611_GetTP                             0x0800048f   Thumb Code   904  ms5611.o(.text)
    BT05_Init                                0x0800082d   Thumb Code   212  bt05.o(.text)
    BT05_Get_Role                            0x08000901   Thumb Code   124  bt05.o(.text)
    BT05_Set_Cmd                             0x0800097d   Thumb Code   136  bt05.o(.text)
    BT05_Role_Print                          0x08000a05   Thumb Code    26  bt05.o(.text)
    BT05_Sta_Print                           0x08000a1f   Thumb Code    26  bt05.o(.text)
    TIM3_IRQHandler                          0x08000a91   Thumb Code     2  stm32f10x_it.o(.text)
    EXTI9_5_IRQHandler                       0x08000a93   Thumb Code     2  stm32f10x_it.o(.text)
    EXTI1_IRQHandler                         0x08000a95   Thumb Code     2  stm32f10x_it.o(.text)
    EXTI2_IRQHandler                         0x08000a97   Thumb Code     2  stm32f10x_it.o(.text)
    EXTI3_IRQHandler                         0x08000a99   Thumb Code     2  stm32f10x_it.o(.text)
    fputc                                    0x08000a9d   Thumb Code    32  mydefine.o(.text)
    GPIO_DeInit                              0x08000ac1   Thumb Code   172  stm32f10x_gpio.o(.text)
    GPIO_AFIODeInit                          0x08000b6d   Thumb Code    20  stm32f10x_gpio.o(.text)
    GPIO_Init                                0x08000b81   Thumb Code   278  stm32f10x_gpio.o(.text)
    GPIO_StructInit                          0x08000c97   Thumb Code    16  stm32f10x_gpio.o(.text)
    GPIO_ReadInputDataBit                    0x08000ca7   Thumb Code    18  stm32f10x_gpio.o(.text)
    GPIO_ReadInputData                       0x08000cb9   Thumb Code     8  stm32f10x_gpio.o(.text)
    GPIO_ReadOutputDataBit                   0x08000cc1   Thumb Code    18  stm32f10x_gpio.o(.text)
    GPIO_ReadOutputData                      0x08000cd3   Thumb Code     8  stm32f10x_gpio.o(.text)
    GPIO_SetBits                             0x08000cdb   Thumb Code     4  stm32f10x_gpio.o(.text)
    GPIO_ResetBits                           0x08000cdf   Thumb Code     4  stm32f10x_gpio.o(.text)
    GPIO_WriteBit                            0x08000ce3   Thumb Code    10  stm32f10x_gpio.o(.text)
    GPIO_Write                               0x08000ced   Thumb Code     4  stm32f10x_gpio.o(.text)
    GPIO_PinLockConfig                       0x08000cf1   Thumb Code    18  stm32f10x_gpio.o(.text)
    GPIO_EventOutputConfig                   0x08000d03   Thumb Code    26  stm32f10x_gpio.o(.text)
    GPIO_EventOutputCmd                      0x08000d1d   Thumb Code     6  stm32f10x_gpio.o(.text)
    GPIO_PinRemapConfig                      0x08000d23   Thumb Code   138  stm32f10x_gpio.o(.text)
    GPIO_EXTILineConfig                      0x08000dad   Thumb Code    66  stm32f10x_gpio.o(.text)
    GPIO_ETH_MediaInterfaceConfig            0x08000def   Thumb Code     8  stm32f10x_gpio.o(.text)
    RCC_DeInit                               0x08000e1d   Thumb Code    64  stm32f10x_rcc.o(.text)
    RCC_HSEConfig                            0x08000e5d   Thumb Code    70  stm32f10x_rcc.o(.text)
    RCC_GetFlagStatus                        0x08000ea3   Thumb Code    56  stm32f10x_rcc.o(.text)
    RCC_WaitForHSEStartUp                    0x08000edb   Thumb Code    56  stm32f10x_rcc.o(.text)
    RCC_AdjustHSICalibrationValue            0x08000f13   Thumb Code    20  stm32f10x_rcc.o(.text)
    RCC_HSICmd                               0x08000f27   Thumb Code     6  stm32f10x_rcc.o(.text)
    RCC_PLLConfig                            0x08000f2d   Thumb Code    24  stm32f10x_rcc.o(.text)
    RCC_PLLCmd                               0x08000f45   Thumb Code     6  stm32f10x_rcc.o(.text)
    RCC_SYSCLKConfig                         0x08000f4b   Thumb Code    18  stm32f10x_rcc.o(.text)
    RCC_GetSYSCLKSource                      0x08000f5d   Thumb Code    10  stm32f10x_rcc.o(.text)
    RCC_HCLKConfig                           0x08000f67   Thumb Code    18  stm32f10x_rcc.o(.text)
    RCC_PCLK1Config                          0x08000f79   Thumb Code    18  stm32f10x_rcc.o(.text)
    RCC_PCLK2Config                          0x08000f8b   Thumb Code    20  stm32f10x_rcc.o(.text)
    RCC_ITConfig                             0x08000f9f   Thumb Code    26  stm32f10x_rcc.o(.text)
    RCC_USBCLKConfig                         0x08000fb9   Thumb Code     8  stm32f10x_rcc.o(.text)
    RCC_ADCCLKConfig                         0x08000fc1   Thumb Code    18  stm32f10x_rcc.o(.text)
    RCC_LSEConfig                            0x08000fd3   Thumb Code    50  stm32f10x_rcc.o(.text)
    RCC_LSICmd                               0x08001005   Thumb Code     6  stm32f10x_rcc.o(.text)
    RCC_RTCCLKConfig                         0x0800100b   Thumb Code    12  stm32f10x_rcc.o(.text)
    RCC_RTCCLKCmd                            0x08001017   Thumb Code     8  stm32f10x_rcc.o(.text)
    RCC_GetClocksFreq                        0x0800101f   Thumb Code   192  stm32f10x_rcc.o(.text)
    RCC_AHBPeriphClockCmd                    0x080010df   Thumb Code    26  stm32f10x_rcc.o(.text)
    RCC_APB2PeriphClockCmd                   0x080010f9   Thumb Code    26  stm32f10x_rcc.o(.text)
    RCC_APB1PeriphClockCmd                   0x08001113   Thumb Code    26  stm32f10x_rcc.o(.text)
    RCC_APB2PeriphResetCmd                   0x0800112d   Thumb Code    26  stm32f10x_rcc.o(.text)
    RCC_APB1PeriphResetCmd                   0x08001147   Thumb Code    26  stm32f10x_rcc.o(.text)
    RCC_BackupResetCmd                       0x08001161   Thumb Code     8  stm32f10x_rcc.o(.text)
    RCC_ClockSecuritySystemCmd               0x08001169   Thumb Code     6  stm32f10x_rcc.o(.text)
    RCC_MCOConfig                            0x0800116f   Thumb Code     6  stm32f10x_rcc.o(.text)
    RCC_ClearFlag                            0x08001175   Thumb Code    14  stm32f10x_rcc.o(.text)
    RCC_GetITStatus                          0x08001183   Thumb Code    20  stm32f10x_rcc.o(.text)
    RCC_ClearITPendingBit                    0x08001197   Thumb Code     6  stm32f10x_rcc.o(.text)
    NVIC_PriorityGroupConfig                 0x080011c1   Thumb Code    10  misc.o(.text)
    NVIC_Init                                0x080011cb   Thumb Code   100  misc.o(.text)
    NVIC_SetVectorTable                      0x0800122f   Thumb Code    14  misc.o(.text)
    NVIC_SystemLPConfig                      0x0800123d   Thumb Code    34  misc.o(.text)
    SysTick_CLKSourceConfig                  0x0800125f   Thumb Code    40  misc.o(.text)
    USART_DeInit                             0x0800129d   Thumb Code   134  stm32f10x_usart.o(.text)
    USART_Init                               0x08001323   Thumb Code   210  stm32f10x_usart.o(.text)
    USART_StructInit                         0x080013f5   Thumb Code    24  stm32f10x_usart.o(.text)
    USART_ClockInit                          0x0800140d   Thumb Code    34  stm32f10x_usart.o(.text)
    USART_ClockStructInit                    0x0800142f   Thumb Code    12  stm32f10x_usart.o(.text)
    USART_Cmd                                0x0800143b   Thumb Code    24  stm32f10x_usart.o(.text)
    USART_ITConfig                           0x08001453   Thumb Code    74  stm32f10x_usart.o(.text)
    USART_DMACmd                             0x0800149d   Thumb Code    18  stm32f10x_usart.o(.text)
    USART_SetAddress                         0x080014af   Thumb Code    18  stm32f10x_usart.o(.text)
    USART_WakeUpConfig                       0x080014c1   Thumb Code    18  stm32f10x_usart.o(.text)
    USART_ReceiverWakeUpCmd                  0x080014d3   Thumb Code    24  stm32f10x_usart.o(.text)
    USART_LINBreakDetectLengthConfig         0x080014eb   Thumb Code    18  stm32f10x_usart.o(.text)
    USART_LINCmd                             0x080014fd   Thumb Code    24  stm32f10x_usart.o(.text)
    USART_SendData                           0x08001515   Thumb Code     8  stm32f10x_usart.o(.text)
    USART_ReceiveData                        0x0800151d   Thumb Code    10  stm32f10x_usart.o(.text)
    USART_SendBreak                          0x08001527   Thumb Code    10  stm32f10x_usart.o(.text)
    USART_SetGuardTime                       0x08001531   Thumb Code    16  stm32f10x_usart.o(.text)
    USART_SetPrescaler                       0x08001541   Thumb Code    16  stm32f10x_usart.o(.text)
    USART_SmartCardCmd                       0x08001551   Thumb Code    24  stm32f10x_usart.o(.text)
    USART_SmartCardNACKCmd                   0x08001569   Thumb Code    24  stm32f10x_usart.o(.text)
    USART_HalfDuplexCmd                      0x08001581   Thumb Code    24  stm32f10x_usart.o(.text)
    USART_OverSampling8Cmd                   0x08001599   Thumb Code    22  stm32f10x_usart.o(.text)
    USART_OneBitMethodCmd                    0x080015af   Thumb Code    24  stm32f10x_usart.o(.text)
    USART_IrDAConfig                         0x080015c7   Thumb Code    18  stm32f10x_usart.o(.text)
    USART_IrDACmd                            0x080015d9   Thumb Code    24  stm32f10x_usart.o(.text)
    USART_GetFlagStatus                      0x080015f1   Thumb Code    26  stm32f10x_usart.o(.text)
    USART_ClearFlag                          0x0800160b   Thumb Code    18  stm32f10x_usart.o(.text)
    USART_GetITStatus                        0x0800161d   Thumb Code    84  stm32f10x_usart.o(.text)
    USART_ClearITPendingBit                  0x08001671   Thumb Code    52  stm32f10x_usart.o(.text)
    SPI_I2S_DeInit                           0x080016a5   Thumb Code    76  stm32f10x_spi.o(.text)
    SPI_Init                                 0x080016f1   Thumb Code    60  stm32f10x_spi.o(.text)
    I2S_Init                                 0x0800172d   Thumb Code   226  stm32f10x_spi.o(.text)
    SPI_StructInit                           0x0800180f   Thumb Code    24  stm32f10x_spi.o(.text)
    I2S_StructInit                           0x08001827   Thumb Code    20  stm32f10x_spi.o(.text)
    SPI_Cmd                                  0x0800183b   Thumb Code    24  stm32f10x_spi.o(.text)
    I2S_Cmd                                  0x08001853   Thumb Code    24  stm32f10x_spi.o(.text)
    SPI_I2S_ITConfig                         0x0800186b   Thumb Code    32  stm32f10x_spi.o(.text)
    SPI_I2S_DMACmd                           0x0800188b   Thumb Code    18  stm32f10x_spi.o(.text)
    SPI_I2S_SendData                         0x0800189d   Thumb Code     4  stm32f10x_spi.o(.text)
    SPI_I2S_ReceiveData                      0x080018a1   Thumb Code     6  stm32f10x_spi.o(.text)
    SPI_NSSInternalSoftwareConfig            0x080018a7   Thumb Code    30  stm32f10x_spi.o(.text)
    SPI_SSOutputCmd                          0x080018c5   Thumb Code    24  stm32f10x_spi.o(.text)
    SPI_DataSizeConfig                       0x080018dd   Thumb Code    18  stm32f10x_spi.o(.text)
    SPI_TransmitCRC                          0x080018ef   Thumb Code    10  stm32f10x_spi.o(.text)
    SPI_CalculateCRC                         0x080018f9   Thumb Code    24  stm32f10x_spi.o(.text)
    SPI_GetCRC                               0x08001911   Thumb Code    16  stm32f10x_spi.o(.text)
    SPI_GetCRCPolynomial                     0x08001921   Thumb Code     6  stm32f10x_spi.o(.text)
    SPI_BiDirectionalLineConfig              0x08001927   Thumb Code    28  stm32f10x_spi.o(.text)
    SPI_I2S_GetFlagStatus                    0x08001943   Thumb Code    18  stm32f10x_spi.o(.text)
    SPI_I2S_ClearFlag                        0x08001955   Thumb Code     6  stm32f10x_spi.o(.text)
    SPI_I2S_GetITStatus                      0x0800195b   Thumb Code    52  stm32f10x_spi.o(.text)
    SPI_I2S_ClearITPendingBit                0x0800198f   Thumb Code    20  stm32f10x_spi.o(.text)
    DMA_DeInit                               0x080019b1   Thumb Code   324  stm32f10x_dma.o(.text)
    DMA_Init                                 0x08001af5   Thumb Code    60  stm32f10x_dma.o(.text)
    DMA_StructInit                           0x08001b31   Thumb Code    26  stm32f10x_dma.o(.text)
    DMA_Cmd                                  0x08001b4b   Thumb Code    24  stm32f10x_dma.o(.text)
    DMA_ITConfig                             0x08001b63   Thumb Code    18  stm32f10x_dma.o(.text)
    DMA_SetCurrDataCounter                   0x08001b75   Thumb Code     4  stm32f10x_dma.o(.text)
    DMA_GetCurrDataCounter                   0x08001b79   Thumb Code     8  stm32f10x_dma.o(.text)
    DMA_GetFlagStatus                        0x08001b81   Thumb Code    40  stm32f10x_dma.o(.text)
    DMA_ClearFlag                            0x08001ba9   Thumb Code    22  stm32f10x_dma.o(.text)
    DMA_GetITStatus                          0x08001bbf   Thumb Code    40  stm32f10x_dma.o(.text)
    DMA_ClearITPendingBit                    0x08001be7   Thumb Code    22  stm32f10x_dma.o(.text)
    TIM_DeInit                               0x08001c05   Thumb Code   424  stm32f10x_tim.o(.text)
    TIM_TimeBaseInit                         0x08001dad   Thumb Code   122  stm32f10x_tim.o(.text)
    TIM_OC1Init                              0x08001e27   Thumb Code   132  stm32f10x_tim.o(.text)
    TIM_OC2Init                              0x08001eab   Thumb Code   154  stm32f10x_tim.o(.text)
    TIM_OC3Init                              0x08001f45   Thumb Code   150  stm32f10x_tim.o(.text)
    TIM_OC4Init                              0x08001fdb   Thumb Code   182  stm32f10x_tim.o(.text)
    TIM_SetIC4Prescaler                      0x08002091   Thumb Code    26  stm32f10x_tim.o(.text)
    TIM_SetIC3Prescaler                      0x0800212d   Thumb Code    18  stm32f10x_tim.o(.text)
    TIM_SetIC2Prescaler                      0x080021b9   Thumb Code    26  stm32f10x_tim.o(.text)
    TIM_SetIC1Prescaler                      0x08002255   Thumb Code    18  stm32f10x_tim.o(.text)
    TIM_ICInit                               0x080022d3   Thumb Code   150  stm32f10x_tim.o(.text)
    TIM_PWMIConfig                           0x08002369   Thumb Code   124  stm32f10x_tim.o(.text)
    TIM_BDTRConfig                           0x080023e5   Thumb Code    32  stm32f10x_tim.o(.text)
    TIM_TimeBaseStructInit                   0x08002405   Thumb Code    18  stm32f10x_tim.o(.text)
    TIM_OCStructInit                         0x08002417   Thumb Code    20  stm32f10x_tim.o(.text)
    TIM_ICStructInit                         0x0800242b   Thumb Code    18  stm32f10x_tim.o(.text)
    TIM_BDTRStructInit                       0x0800243d   Thumb Code    40  stm32f10x_tim.o(.text)
    TIM_Cmd                                  0x08002465   Thumb Code    24  stm32f10x_tim.o(.text)
    TIM_CtrlPWMOutputs                       0x0800247d   Thumb Code    30  stm32f10x_tim.o(.text)
    TIM_ITConfig                             0x0800249b   Thumb Code    18  stm32f10x_tim.o(.text)
    TIM_GenerateEvent                        0x080024ad   Thumb Code     4  stm32f10x_tim.o(.text)
    TIM_DMAConfig                            0x080024b1   Thumb Code    10  stm32f10x_tim.o(.text)
    TIM_DMACmd                               0x080024bb   Thumb Code    18  stm32f10x_tim.o(.text)
    TIM_InternalClockConfig                  0x080024cd   Thumb Code    12  stm32f10x_tim.o(.text)
    TIM_SelectInputTrigger                   0x080024d9   Thumb Code    18  stm32f10x_tim.o(.text)
    TIM_ITRxExternalClockConfig              0x080024eb   Thumb Code    24  stm32f10x_tim.o(.text)
    TIM_TIxExternalClockConfig               0x08002503   Thumb Code    62  stm32f10x_tim.o(.text)
    TIM_ETRConfig                            0x08002541   Thumb Code    28  stm32f10x_tim.o(.text)
    TIM_ETRClockMode1Config                  0x0800255d   Thumb Code    54  stm32f10x_tim.o(.text)
    TIM_ETRClockMode2Config                  0x08002593   Thumb Code    32  stm32f10x_tim.o(.text)
    TIM_PrescalerConfig                      0x080025b3   Thumb Code     6  stm32f10x_tim.o(.text)
    TIM_CounterModeConfig                    0x080025b9   Thumb Code    18  stm32f10x_tim.o(.text)
    TIM_EncoderInterfaceConfig               0x080025cb   Thumb Code    66  stm32f10x_tim.o(.text)
    TIM_ForcedOC1Config                      0x0800260d   Thumb Code    18  stm32f10x_tim.o(.text)
    TIM_ForcedOC2Config                      0x0800261f   Thumb Code    26  stm32f10x_tim.o(.text)
    TIM_ForcedOC3Config                      0x08002639   Thumb Code    18  stm32f10x_tim.o(.text)
    TIM_ForcedOC4Config                      0x0800264b   Thumb Code    26  stm32f10x_tim.o(.text)
    TIM_ARRPreloadConfig                     0x08002665   Thumb Code    24  stm32f10x_tim.o(.text)
    TIM_SelectCOM                            0x0800267d   Thumb Code    24  stm32f10x_tim.o(.text)
    TIM_SelectCCDMA                          0x08002695   Thumb Code    24  stm32f10x_tim.o(.text)
    TIM_CCPreloadControl                     0x080026ad   Thumb Code    24  stm32f10x_tim.o(.text)
    TIM_OC1PreloadConfig                     0x080026c5   Thumb Code    18  stm32f10x_tim.o(.text)
    TIM_OC2PreloadConfig                     0x080026d7   Thumb Code    26  stm32f10x_tim.o(.text)
    TIM_OC3PreloadConfig                     0x080026f1   Thumb Code    18  stm32f10x_tim.o(.text)
    TIM_OC4PreloadConfig                     0x08002703   Thumb Code    26  stm32f10x_tim.o(.text)
    TIM_OC1FastConfig                        0x0800271d   Thumb Code    18  stm32f10x_tim.o(.text)
    TIM_OC2FastConfig                        0x0800272f   Thumb Code    26  stm32f10x_tim.o(.text)
    TIM_OC3FastConfig                        0x08002749   Thumb Code    18  stm32f10x_tim.o(.text)
    TIM_OC4FastConfig                        0x0800275b   Thumb Code    26  stm32f10x_tim.o(.text)
    TIM_ClearOC1Ref                          0x08002775   Thumb Code    18  stm32f10x_tim.o(.text)
    TIM_ClearOC2Ref                          0x08002787   Thumb Code    24  stm32f10x_tim.o(.text)
    TIM_ClearOC3Ref                          0x0800279f   Thumb Code    18  stm32f10x_tim.o(.text)
    TIM_ClearOC4Ref                          0x080027b1   Thumb Code    24  stm32f10x_tim.o(.text)
    TIM_OC1PolarityConfig                    0x080027c9   Thumb Code    18  stm32f10x_tim.o(.text)
    TIM_OC1NPolarityConfig                   0x080027db   Thumb Code    18  stm32f10x_tim.o(.text)
    TIM_OC2PolarityConfig                    0x080027ed   Thumb Code    26  stm32f10x_tim.o(.text)
    TIM_OC2NPolarityConfig                   0x08002807   Thumb Code    26  stm32f10x_tim.o(.text)
    TIM_OC3PolarityConfig                    0x08002821   Thumb Code    26  stm32f10x_tim.o(.text)
    TIM_OC3NPolarityConfig                   0x0800283b   Thumb Code    26  stm32f10x_tim.o(.text)
    TIM_OC4PolarityConfig                    0x08002855   Thumb Code    26  stm32f10x_tim.o(.text)
    TIM_CCxCmd                               0x0800286f   Thumb Code    30  stm32f10x_tim.o(.text)
    TIM_CCxNCmd                              0x0800288d   Thumb Code    30  stm32f10x_tim.o(.text)
    TIM_SelectOCxM                           0x080028ab   Thumb Code    82  stm32f10x_tim.o(.text)
    TIM_UpdateDisableConfig                  0x080028fd   Thumb Code    24  stm32f10x_tim.o(.text)
    TIM_UpdateRequestConfig                  0x08002915   Thumb Code    24  stm32f10x_tim.o(.text)
    TIM_SelectHallSensor                     0x0800292d   Thumb Code    24  stm32f10x_tim.o(.text)
    TIM_SelectOnePulseMode                   0x08002945   Thumb Code    18  stm32f10x_tim.o(.text)
    TIM_SelectOutputTrigger                  0x08002957   Thumb Code    18  stm32f10x_tim.o(.text)
    TIM_SelectSlaveMode                      0x08002969   Thumb Code    18  stm32f10x_tim.o(.text)
    TIM_SelectMasterSlaveMode                0x0800297b   Thumb Code    18  stm32f10x_tim.o(.text)
    TIM_SetCounter                           0x0800298d   Thumb Code     4  stm32f10x_tim.o(.text)
    TIM_SetAutoreload                        0x08002991   Thumb Code     4  stm32f10x_tim.o(.text)
    TIM_SetCompare1                          0x08002995   Thumb Code     4  stm32f10x_tim.o(.text)
    TIM_SetCompare2                          0x08002999   Thumb Code     4  stm32f10x_tim.o(.text)
    TIM_SetCompare3                          0x0800299d   Thumb Code     4  stm32f10x_tim.o(.text)
    TIM_SetCompare4                          0x080029a1   Thumb Code     6  stm32f10x_tim.o(.text)
    TIM_SetClockDivision                     0x080029a7   Thumb Code    18  stm32f10x_tim.o(.text)
    TIM_GetCapture1                          0x080029b9   Thumb Code     6  stm32f10x_tim.o(.text)
    TIM_GetCapture2                          0x080029bf   Thumb Code     6  stm32f10x_tim.o(.text)
    TIM_GetCapture3                          0x080029c5   Thumb Code     6  stm32f10x_tim.o(.text)
    TIM_GetCapture4                          0x080029cb   Thumb Code     8  stm32f10x_tim.o(.text)
    TIM_GetCounter                           0x080029d3   Thumb Code     6  stm32f10x_tim.o(.text)
    TIM_GetPrescaler                         0x080029d9   Thumb Code     6  stm32f10x_tim.o(.text)
    TIM_GetFlagStatus                        0x080029df   Thumb Code    18  stm32f10x_tim.o(.text)
    TIM_ClearFlag                            0x080029f1   Thumb Code     6  stm32f10x_tim.o(.text)
    TIM_GetITStatus                          0x080029f7   Thumb Code    34  stm32f10x_tim.o(.text)
    TIM_ClearITPendingBit                    0x08002a19   Thumb Code     6  stm32f10x_tim.o(.text)
    SystemInit                               0x08002aff   Thumb Code    78  system_stm32f10x.o(.text)
    SystemCoreClockUpdate                    0x08002b4d   Thumb Code   142  system_stm32f10x.o(.text)
    delay_init                               0x08002c01   Thumb Code    50  delay.o(.text)
    delay_us                                 0x08002c33   Thumb Code    72  delay.o(.text)
    delay_ms                                 0x08002c7b   Thumb Code    72  delay.o(.text)
    uart_init                                0x08002cd5   Thumb Code   158  usart.o(.text)
    USART1_IRQHandler                        0x08002d73   Thumb Code   122  usart.o(.text)
    TIM4_Set                                 0x08002dfd   Thumb Code    34  usart2.o(.text)
    USART2_IRQHandler                        0x08002e1f   Thumb Code    82  usart2.o(.text)
    TIM4_Init                                0x08002e71   Thumb Code    82  usart2.o(.text)
    UART_DMA_Config                          0x08002ec3   Thumb Code    72  usart2.o(.text)
    USART2_Init                              0x08002f0b   Thumb Code   218  usart2.o(.text)
    TIM4_IRQHandler                          0x08002fe5   Thumb Code    40  usart2.o(.text)
    UART_DMA_Enable                          0x0800300d   Thumb Code    32  usart2.o(.text)
    u2_printf                                0x0800302d   Thumb Code    56  usart2.o(.text)
    Reset_Handler                            0x08003081   Thumb Code     8  startup_stm32f10x_hd.o(.text)
    NMI_Handler                              0x08003089   Thumb Code     2  startup_stm32f10x_hd.o(.text)
    HardFault_Handler                        0x0800308b   Thumb Code     2  startup_stm32f10x_hd.o(.text)
    MemManage_Handler                        0x0800308d   Thumb Code     2  startup_stm32f10x_hd.o(.text)
    BusFault_Handler                         0x0800308f   Thumb Code     2  startup_stm32f10x_hd.o(.text)
    UsageFault_Handler                       0x08003091   Thumb Code     2  startup_stm32f10x_hd.o(.text)
    SVC_Handler                              0x08003093   Thumb Code     2  startup_stm32f10x_hd.o(.text)
    DebugMon_Handler                         0x08003095   Thumb Code     2  startup_stm32f10x_hd.o(.text)
    PendSV_Handler                           0x08003097   Thumb Code     2  startup_stm32f10x_hd.o(.text)
    SysTick_Handler                          0x08003099   Thumb Code     2  startup_stm32f10x_hd.o(.text)
    ADC1_2_IRQHandler                        0x0800309b   Thumb Code     0  startup_stm32f10x_hd.o(.text)
    ADC3_IRQHandler                          0x0800309b   Thumb Code     0  startup_stm32f10x_hd.o(.text)
    CAN1_RX1_IRQHandler                      0x0800309b   Thumb Code     0  startup_stm32f10x_hd.o(.text)
    CAN1_SCE_IRQHandler                      0x0800309b   Thumb Code     0  startup_stm32f10x_hd.o(.text)
    DMA1_Channel1_IRQHandler                 0x0800309b   Thumb Code     0  startup_stm32f10x_hd.o(.text)
    DMA1_Channel2_IRQHandler                 0x0800309b   Thumb Code     0  startup_stm32f10x_hd.o(.text)
    DMA1_Channel3_IRQHandler                 0x0800309b   Thumb Code     0  startup_stm32f10x_hd.o(.text)
    DMA1_Channel4_IRQHandler                 0x0800309b   Thumb Code     0  startup_stm32f10x_hd.o(.text)
    DMA1_Channel5_IRQHandler                 0x0800309b   Thumb Code     0  startup_stm32f10x_hd.o(.text)
    DMA1_Channel6_IRQHandler                 0x0800309b   Thumb Code     0  startup_stm32f10x_hd.o(.text)
    DMA1_Channel7_IRQHandler                 0x0800309b   Thumb Code     0  startup_stm32f10x_hd.o(.text)
    DMA2_Channel1_IRQHandler                 0x0800309b   Thumb Code     0  startup_stm32f10x_hd.o(.text)
    DMA2_Channel2_IRQHandler                 0x0800309b   Thumb Code     0  startup_stm32f10x_hd.o(.text)
    DMA2_Channel3_IRQHandler                 0x0800309b   Thumb Code     0  startup_stm32f10x_hd.o(.text)
    DMA2_Channel4_5_IRQHandler               0x0800309b   Thumb Code     0  startup_stm32f10x_hd.o(.text)
    EXTI0_IRQHandler                         0x0800309b   Thumb Code     0  startup_stm32f10x_hd.o(.text)
    EXTI15_10_IRQHandler                     0x0800309b   Thumb Code     0  startup_stm32f10x_hd.o(.text)
    EXTI4_IRQHandler                         0x0800309b   Thumb Code     0  startup_stm32f10x_hd.o(.text)
    FLASH_IRQHandler                         0x0800309b   Thumb Code     0  startup_stm32f10x_hd.o(.text)
    FSMC_IRQHandler                          0x0800309b   Thumb Code     0  startup_stm32f10x_hd.o(.text)
    I2C1_ER_IRQHandler                       0x0800309b   Thumb Code     0  startup_stm32f10x_hd.o(.text)
    I2C1_EV_IRQHandler                       0x0800309b   Thumb Code     0  startup_stm32f10x_hd.o(.text)
    I2C2_ER_IRQHandler                       0x0800309b   Thumb Code     0  startup_stm32f10x_hd.o(.text)
    I2C2_EV_IRQHandler                       0x0800309b   Thumb Code     0  startup_stm32f10x_hd.o(.text)
    PVD_IRQHandler                           0x0800309b   Thumb Code     0  startup_stm32f10x_hd.o(.text)
    RCC_IRQHandler                           0x0800309b   Thumb Code     0  startup_stm32f10x_hd.o(.text)
    RTCAlarm_IRQHandler                      0x0800309b   Thumb Code     0  startup_stm32f10x_hd.o(.text)
    RTC_IRQHandler                           0x0800309b   Thumb Code     0  startup_stm32f10x_hd.o(.text)
    SDIO_IRQHandler                          0x0800309b   Thumb Code     0  startup_stm32f10x_hd.o(.text)
    SPI1_IRQHandler                          0x0800309b   Thumb Code     0  startup_stm32f10x_hd.o(.text)
    SPI2_IRQHandler                          0x0800309b   Thumb Code     0  startup_stm32f10x_hd.o(.text)
    SPI3_IRQHandler                          0x0800309b   Thumb Code     0  startup_stm32f10x_hd.o(.text)
    TAMPER_IRQHandler                        0x0800309b   Thumb Code     0  startup_stm32f10x_hd.o(.text)
    TIM1_BRK_IRQHandler                      0x0800309b   Thumb Code     0  startup_stm32f10x_hd.o(.text)
    TIM1_CC_IRQHandler                       0x0800309b   Thumb Code     0  startup_stm32f10x_hd.o(.text)
    TIM1_TRG_COM_IRQHandler                  0x0800309b   Thumb Code     0  startup_stm32f10x_hd.o(.text)
    TIM1_UP_IRQHandler                       0x0800309b   Thumb Code     0  startup_stm32f10x_hd.o(.text)
    TIM2_IRQHandler                          0x0800309b   Thumb Code     0  startup_stm32f10x_hd.o(.text)
    TIM5_IRQHandler                          0x0800309b   Thumb Code     0  startup_stm32f10x_hd.o(.text)
    TIM6_IRQHandler                          0x0800309b   Thumb Code     0  startup_stm32f10x_hd.o(.text)
    TIM7_IRQHandler                          0x0800309b   Thumb Code     0  startup_stm32f10x_hd.o(.text)
    TIM8_BRK_IRQHandler                      0x0800309b   Thumb Code     0  startup_stm32f10x_hd.o(.text)
    TIM8_CC_IRQHandler                       0x0800309b   Thumb Code     0  startup_stm32f10x_hd.o(.text)
    TIM8_TRG_COM_IRQHandler                  0x0800309b   Thumb Code     0  startup_stm32f10x_hd.o(.text)
    TIM8_UP_IRQHandler                       0x0800309b   Thumb Code     0  startup_stm32f10x_hd.o(.text)
    UART4_IRQHandler                         0x0800309b   Thumb Code     0  startup_stm32f10x_hd.o(.text)
    UART5_IRQHandler                         0x0800309b   Thumb Code     0  startup_stm32f10x_hd.o(.text)
    USART3_IRQHandler                        0x0800309b   Thumb Code     0  startup_stm32f10x_hd.o(.text)
    USBWakeUp_IRQHandler                     0x0800309b   Thumb Code     0  startup_stm32f10x_hd.o(.text)
    USB_HP_CAN1_TX_IRQHandler                0x0800309b   Thumb Code     0  startup_stm32f10x_hd.o(.text)
    USB_LP_CAN1_RX0_IRQHandler               0x0800309b   Thumb Code     0  startup_stm32f10x_hd.o(.text)
    WWDG_IRQHandler                          0x0800309b   Thumb Code     0  startup_stm32f10x_hd.o(.text)
    strlen                                   0x080030a5   Thumb Code    14  strlen.o(.text)
    __aeabi_fadd                             0x080030b3   Thumb Code   164  fadd.o(.text)
    __aeabi_fsub                             0x08003157   Thumb Code     6  fadd.o(.text)
    __aeabi_frsub                            0x0800315d   Thumb Code     6  fadd.o(.text)
    __aeabi_fmul                             0x08003163   Thumb Code   100  fmul.o(.text)
    __aeabi_dadd                             0x080031c7   Thumb Code   322  dadd.o(.text)
    __aeabi_dsub                             0x08003309   Thumb Code     6  dadd.o(.text)
    __aeabi_drsub                            0x0800330f   Thumb Code     6  dadd.o(.text)
    __aeabi_dmul                             0x08003315   Thumb Code   228  dmul.o(.text)
    __aeabi_ddiv                             0x080033f9   Thumb Code   222  ddiv.o(.text)
    __aeabi_ui2d                             0x080034d7   Thumb Code    26  dfltui.o(.text)
    __aeabi_f2d                              0x080034f1   Thumb Code    38  f2d.o(.text)
    __aeabi_cdcmpeq                          0x08003519   Thumb Code     0  cdcmple.o(.text)
    __aeabi_cdcmple                          0x08003519   Thumb Code    48  cdcmple.o(.text)
    __aeabi_d2f                              0x08003549   Thumb Code    56  d2f.o(.text)
    __aeabi_uidiv                            0x08003581   Thumb Code     0  uidiv.o(.text)
    __aeabi_uidivmod                         0x08003581   Thumb Code    44  uidiv.o(.text)
    __aeabi_uldivmod                         0x080035ad   Thumb Code    98  uldiv.o(.text)
    __aeabi_llsl                             0x0800360f   Thumb Code    30  llshl.o(.text)
    _ll_shift_l                              0x0800360f   Thumb Code     0  llshl.o(.text)
    __aeabi_lasr                             0x0800362d   Thumb Code    36  llsshr.o(.text)
    _ll_sshift_r                             0x0800362d   Thumb Code     0  llsshr.o(.text)
    __I$use$fp                               0x08003651   Thumb Code     0  iusefp.o(.text)
    _float_round                             0x08003651   Thumb Code    18  fepilogue.o(.text)
    _float_epilogue                          0x08003663   Thumb Code    92  fepilogue.o(.text)
    _double_round                            0x080036bf   Thumb Code    30  depilogue.o(.text)
    _double_epilogue                         0x080036dd   Thumb Code   156  depilogue.o(.text)
    __ARM_scalbn                             0x08003779   Thumb Code    46  dscalb.o(.text)
    scalbn                                   0x08003779   Thumb Code     0  dscalb.o(.text)
    __aeabi_i2d                              0x080037a7   Thumb Code    34  dflti.o(.text)
    __aeabi_d2ulz                            0x080037c9   Thumb Code    48  dfixul.o(.text)
    __aeabi_cdrcmple                         0x080037f9   Thumb Code    48  cdrcmple.o(.text)
    __scatterload                            0x08003829   Thumb Code    28  init.o(.text)
    __scatterload_rt2                        0x08003829   Thumb Code     0  init.o(.text)
    __aeabi_llsr                             0x0800384d   Thumb Code    32  llushr.o(.text)
    _ll_ushift_r                             0x0800384d   Thumb Code     0  llushr.o(.text)
    _dsqrt                                   0x0800386d   Thumb Code   162  dsqrt.o(.text)
    __0printf                                0x08003911   Thumb Code    22  printfa.o(i.__0printf)
    __1printf                                0x08003911   Thumb Code     0  printfa.o(i.__0printf)
    __2printf                                0x08003911   Thumb Code     0  printfa.o(i.__0printf)
    __c89printf                              0x08003911   Thumb Code     0  printfa.o(i.__0printf)
    printf                                   0x08003911   Thumb Code     0  printfa.o(i.__0printf)
    __0vsprintf                              0x08003931   Thumb Code    30  printfa.o(i.__0vsprintf)
    __1vsprintf                              0x08003931   Thumb Code     0  printfa.o(i.__0vsprintf)
    __2vsprintf                              0x08003931   Thumb Code     0  printfa.o(i.__0vsprintf)
    __c89vsprintf                            0x08003931   Thumb Code     0  printfa.o(i.__0vsprintf)
    vsprintf                                 0x08003931   Thumb Code     0  printfa.o(i.__0vsprintf)
    __ARM_fpclassify                         0x08003955   Thumb Code    40  fpclassify.o(i.__ARM_fpclassify)
    __kernel_poly                            0x0800397d   Thumb Code   170  poly.o(i.__kernel_poly)
    __mathlib_dbl_divzero                    0x08003a29   Thumb Code    12  dunder.o(i.__mathlib_dbl_divzero)
    __mathlib_dbl_infnan2                    0x08003a39   Thumb Code     4  dunder.o(i.__mathlib_dbl_infnan2)
    __mathlib_dbl_invalid                    0x08003a3d   Thumb Code    12  dunder.o(i.__mathlib_dbl_invalid)
    __mathlib_dbl_overflow                   0x08003a49   Thumb Code    14  dunder.o(i.__mathlib_dbl_overflow)
    __mathlib_dbl_underflow                  0x08003a59   Thumb Code    10  dunder.o(i.__mathlib_dbl_underflow)
    __scatterload_copy                       0x08003a69   Thumb Code    14  handlers.o(i.__scatterload_copy)
    __scatterload_null                       0x08003a77   Thumb Code     2  handlers.o(i.__scatterload_null)
    __scatterload_zeroinit                   0x08003a79   Thumb Code    14  handlers.o(i.__scatterload_zeroinit)
    __set_errno                              0x08003a89   Thumb Code     6  errno.o(i.__set_errno)
    pow                                      0x08004331   Thumb Code  2478  pow.o(i.pow)
    sqrt                                     0x08004ce9   Thumb Code    76  sqrt.o(i.sqrt)
    __mathlib_zero                           0x08004dc0   Data           8  qnan.o(.constdata)
    Region$$Table$$Base                      0x08004dc8   Number         0  anon$$obj.o(Region$$Table)
    Region$$Table$$Limit                     0x08004de8   Number         0  anon$$obj.o(Region$$Table)
    temp                                     0x20000000   Data           8  ms5611.o(.data)
    pressure                                 0x20000008   Data           8  ms5611.o(.data)
    SystemCoreClock                          0x20000024   Data           4  system_stm32f10x.o(.data)
    AHBPrescTable                            0x20000028   Data          16  system_stm32f10x.o(.data)
    USART_RX_STA                             0x2000003c   Data           2  usart.o(.data)
    USART2_RX_STA                            0x2000003e   Data           2  usart2.o(.data)
    __stdout                                 0x20000040   Data           4  stdout.o(.data)
    FactoryCalculation                       0x20000048   Data          14  ms5611.o(.bss)
    USART_RX_BUF                             0x20000056   Data         200  usart.o(.bss)
    USART2_TX_BUF                            0x20000120   Data         200  usart2.o(.bss)
    USART2_RX_BUF                            0x200001e8   Data         200  usart2.o(.bss)
    __initial_sp                             0x200006b0   Data           0  startup_stm32f10x_hd.o(STACK)



==============================================================================

Memory Map of the image

  Image Entry point : 0x08000131

  Load Region LR_IROM1 (Base: 0x08000000, Size: 0x00004e30, Max: 0x00010000, ABSOLUTE)

    Execution Region ER_IROM1 (Base: 0x08000000, Size: 0x00004de8, Max: 0x00010000, ABSOLUTE)

    Base Addr    Size         Type   Attr      Idx    E Section Name        Object

    0x08000000   0x00000130   Data   RO          352    RESET               startup_stm32f10x_hd.o
    0x08000130   0x00000000   Code   RO          378  * .ARM.Collect$$$$00000000  mc_w.l(entry.o)
    0x08000130   0x00000004   Code   RO          689    .ARM.Collect$$$$00000001  mc_w.l(entry2.o)
    0x08000134   0x00000004   Code   RO          692    .ARM.Collect$$$$00000004  mc_w.l(entry5.o)
    0x08000138   0x00000000   Code   RO          694    .ARM.Collect$$$$00000008  mc_w.l(entry7b.o)
    0x08000138   0x00000000   Code   RO          696    .ARM.Collect$$$$0000000A  mc_w.l(entry8b.o)
    0x08000138   0x00000008   Code   RO          697    .ARM.Collect$$$$0000000B  mc_w.l(entry9a.o)
    0x08000140   0x00000000   Code   RO          699    .ARM.Collect$$$$0000000D  mc_w.l(entry10a.o)
    0x08000140   0x00000000   Code   RO          701    .ARM.Collect$$$$0000000F  mc_w.l(entry11a.o)
    0x08000140   0x00000004   Code   RO          690    .ARM.Collect$$$$00002712  mc_w.l(entry2.o)
    0x08000144   0x0000018c   Code   RO            1    .text               main.o
    0x080002d0   0x0000055c   Code   RO           97    .text               ms5611.o
    0x0800082c   0x00000264   Code   RO          117    .text               bt05.o
    0x08000a90   0x0000000a   Code   RO          129    .text               stm32f10x_it.o
    0x08000a9a   0x00000002   PAD
    0x08000a9c   0x00000024   Code   RO          138    .text               mydefine.o
    0x08000ac0   0x0000035c   Code   RO          150    .text               stm32f10x_gpio.o
    0x08000e1c   0x000003a4   Code   RO          162    .text               stm32f10x_rcc.o
    0x080011c0   0x000000dc   Code   RO          176    .text               misc.o
    0x0800129c   0x00000408   Code   RO          200    .text               stm32f10x_usart.o
    0x080016a4   0x0000030c   Code   RO          212    .text               stm32f10x_spi.o
    0x080019b0   0x00000254   Code   RO          224    .text               stm32f10x_dma.o
    0x08001c04   0x00000e1a   Code   RO          236    .text               stm32f10x_tim.o
    0x08002a1e   0x00000002   PAD
    0x08002a20   0x000001e0   Code   RO          248    .text               system_stm32f10x.o
    0x08002c00   0x000000d4   Code   RO          279    .text               delay.o
    0x08002cd4   0x00000128   Code   RO          305    .text               usart.o
    0x08002dfc   0x00000284   Code   RO          324    .text               usart2.o
    0x08003080   0x00000024   Code   RO          353    .text               startup_stm32f10x_hd.o
    0x080030a4   0x0000000e   Code   RO          381    .text               mc_w.l(strlen.o)
    0x080030b2   0x000000b0   Code   RO          644    .text               mf_w.l(fadd.o)
    0x08003162   0x00000064   Code   RO          646    .text               mf_w.l(fmul.o)
    0x080031c6   0x0000014e   Code   RO          648    .text               mf_w.l(dadd.o)
    0x08003314   0x000000e4   Code   RO          650    .text               mf_w.l(dmul.o)
    0x080033f8   0x000000de   Code   RO          652    .text               mf_w.l(ddiv.o)
    0x080034d6   0x0000001a   Code   RO          654    .text               mf_w.l(dfltui.o)
    0x080034f0   0x00000026   Code   RO          656    .text               mf_w.l(f2d.o)
    0x08003516   0x00000002   PAD
    0x08003518   0x00000030   Code   RO          658    .text               mf_w.l(cdcmple.o)
    0x08003548   0x00000038   Code   RO          660    .text               mf_w.l(d2f.o)
    0x08003580   0x0000002c   Code   RO          704    .text               mc_w.l(uidiv.o)
    0x080035ac   0x00000062   Code   RO          706    .text               mc_w.l(uldiv.o)
    0x0800360e   0x0000001e   Code   RO          708    .text               mc_w.l(llshl.o)
    0x0800362c   0x00000024   Code   RO          710    .text               mc_w.l(llsshr.o)
    0x08003650   0x00000000   Code   RO          719    .text               mc_w.l(iusefp.o)
    0x08003650   0x0000006e   Code   RO          720    .text               mf_w.l(fepilogue.o)
    0x080036be   0x000000ba   Code   RO          722    .text               mf_w.l(depilogue.o)
    0x08003778   0x0000002e   Code   RO          724    .text               mf_w.l(dscalb.o)
    0x080037a6   0x00000022   Code   RO          726    .text               mf_w.l(dflti.o)
    0x080037c8   0x00000030   Code   RO          728    .text               mf_w.l(dfixul.o)
    0x080037f8   0x00000030   Code   RO          730    .text               mf_w.l(cdrcmple.o)
    0x08003828   0x00000024   Code   RO          732    .text               mc_w.l(init.o)
    0x0800384c   0x00000020   Code   RO          734    .text               mc_w.l(llushr.o)
    0x0800386c   0x000000a2   Code   RO          736    .text               mf_w.l(dsqrt.o)
    0x0800390e   0x00000002   PAD
    0x08003910   0x00000020   Code   RO          616    i.__0printf         mc_w.l(printfa.o)
    0x08003930   0x00000024   Code   RO          622    i.__0vsprintf       mc_w.l(printfa.o)
    0x08003954   0x00000028   Code   RO          676    i.__ARM_fpclassify  m_ws.l(fpclassify.o)
    0x0800397c   0x000000aa   Code   RO          678    i.__kernel_poly     m_ws.l(poly.o)
    0x08003a26   0x00000002   PAD
    0x08003a28   0x00000010   Code   RO          662    i.__mathlib_dbl_divzero  m_ws.l(dunder.o)
    0x08003a38   0x00000004   Code   RO          664    i.__mathlib_dbl_infnan2  m_ws.l(dunder.o)
    0x08003a3c   0x0000000c   Code   RO          665    i.__mathlib_dbl_invalid  m_ws.l(dunder.o)
    0x08003a48   0x0000000e   Code   RO          666    i.__mathlib_dbl_overflow  m_ws.l(dunder.o)
    0x08003a56   0x00000002   PAD
    0x08003a58   0x00000010   Code   RO          668    i.__mathlib_dbl_underflow  m_ws.l(dunder.o)
    0x08003a68   0x0000000e   Code   RO          740    i.__scatterload_copy  mc_w.l(handlers.o)
    0x08003a76   0x00000002   Code   RO          741    i.__scatterload_null  mc_w.l(handlers.o)
    0x08003a78   0x0000000e   Code   RO          742    i.__scatterload_zeroinit  mc_w.l(handlers.o)
    0x08003a86   0x00000002   PAD
    0x08003a88   0x0000000c   Code   RO          714    i.__set_errno       mc_w.l(errno.o)
    0x08003a94   0x00000164   Code   RO          623    i._fp_digits        mc_w.l(printfa.o)
    0x08003bf8   0x000006dc   Code   RO          624    i._printf_core      mc_w.l(printfa.o)
    0x080042d4   0x00000024   Code   RO          625    i._printf_post_padding  mc_w.l(printfa.o)
    0x080042f8   0x0000002e   Code   RO          626    i._printf_pre_padding  mc_w.l(printfa.o)
    0x08004326   0x0000000a   Code   RO          628    i._sputc            mc_w.l(printfa.o)
    0x08004330   0x000009b8   Code   RO          369    i.pow               m_ws.l(pow.o)
    0x08004ce8   0x0000004c   Code   RO          682    i.sqrt              m_ws.l(sqrt.o)
    0x08004d34   0x00000004   PAD
    0x08004d38   0x00000088   Data   RO          370    .constdata          m_ws.l(pow.o)
    0x08004dc0   0x00000008   Data   RO          680    .constdata          m_ws.l(qnan.o)
    0x08004dc8   0x00000020   Data   RO          738    Region$$Table       anon$$obj.o


    Execution Region RW_IRAM1 (Base: 0x20000000, Size: 0x000006b0, Max: 0x00005000, ABSOLUTE)

    Base Addr    Size         Type   Attr      Idx    E Section Name        Object

    0x20000000   0x00000010   Data   RW           99    .data               ms5611.o
    0x20000010   0x00000014   Data   RW          163    .data               stm32f10x_rcc.o
    0x20000024   0x00000014   Data   RW          249    .data               system_stm32f10x.o
    0x20000038   0x00000004   Data   RW          280    .data               delay.o
    0x2000003c   0x00000002   Data   RW          307    .data               usart.o
    0x2000003e   0x00000002   Data   RW          326    .data               usart2.o
    0x20000040   0x00000004   Data   RW          703    .data               mc_w.l(stdout.o)
    0x20000044   0x00000004   Data   RW          715    .data               mc_w.l(errno.o)
    0x20000048   0x0000000e   Zero   RW           98    .bss                ms5611.o
    0x20000056   0x000000c8   Zero   RW          306    .bss                usart.o
    0x2000011e   0x00000002   PAD
    0x20000120   0x00000190   Zero   RW          325    .bss                usart2.o
    0x200002b0   0x00000400   Zero   RW          350    STACK               startup_stm32f10x_hd.o


==============================================================================

Image component sizes


      Code (inc. data)   RO Data    RW Data    ZI Data      Debug   Object Name

       612         88          0          0          0       1814   bt05.o
       212         18          0          4          0        959   delay.o
       396         84          0          0          0     269091   main.o
       220         22          0          0          0       1673   misc.o
      1372         98          0         16         14       4106   ms5611.o
        36          4          0          0          0        496   mydefine.o
        36          8        304          0       1024        792   startup_stm32f10x_hd.o
       596          8          0          0          0       4202   stm32f10x_dma.o
       860         38          0          0          0       5521   stm32f10x_gpio.o
        10          0          0          0          0        772   stm32f10x_it.o
       932         36          0         20          0       8652   stm32f10x_rcc.o
       780         14          0          0          0       6402   stm32f10x_spi.o
      3610         88          0          0          0      22008   stm32f10x_tim.o
      1032         22          0          0          0       8244   stm32f10x_usart.o
       480         38          0         20          0       1703   system_stm32f10x.o
       296         16          0          2        200       1422   usart.o
       644         28          0          2        400       3389   usart2.o

    ----------------------------------------------------------------------
     12128        610        336         64       1640     341246   Object Totals
         0          0         32          0          0          0   (incl. Generated)
         4          0          0          0          2          0   (incl. Padding)

    ----------------------------------------------------------------------

      Code (inc. data)   RO Data    RW Data    ZI Data      Debug   Library Member Name

        62         10          0          0          0        340   dunder.o
        40          0          0          0          0         68   fpclassify.o
       170          0          0          0          0         96   poly.o
      2488        190        136          0          0        300   pow.o
         0          0          8          0          0          0   qnan.o
        76          0          0          0          0         84   sqrt.o
         0          0          0          0          0          0   entry.o
         0          0          0          0          0          0   entry10a.o
         0          0          0          0          0          0   entry11a.o
         8          4          0          0          0          0   entry2.o
         4          0          0          0          0          0   entry5.o
         0          0          0          0          0          0   entry7b.o
         0          0          0          0          0          0   entry8b.o
         8          4          0          0          0          0   entry9a.o
        12          6          0          4          0         68   errno.o
        30          0          0          0          0          0   handlers.o
        36          8          0          0          0         68   init.o
         0          0          0          0          0          0   iusefp.o
        30          0          0          0          0         68   llshl.o
        36          0          0          0          0         68   llsshr.o
        32          0          0          0          0         68   llushr.o
      2272         96          0          0          0        592   printfa.o
         0          0          0          4          0          0   stdout.o
        14          0          0          0          0         68   strlen.o
        44          0          0          0          0         80   uidiv.o
        98          0          0          0          0         92   uldiv.o
        48          0          0          0          0         68   cdcmple.o
        48          0          0          0          0         68   cdrcmple.o
        56          0          0          0          0         88   d2f.o
       334          0          0          0          0        148   dadd.o
       222          0          0          0          0        100   ddiv.o
       186          0          0          0          0        176   depilogue.o
        48          0          0          0          0         68   dfixul.o
        34          0          0          0          0         76   dflti.o
        26          0          0          0          0         76   dfltui.o
       228          0          0          0          0         96   dmul.o
        46          0          0          0          0         80   dscalb.o
       162          0          0          0          0        100   dsqrt.o
        38          0          0          0          0         68   f2d.o
       176          0          0          0          0        140   fadd.o
       110          0          0          0          0        168   fepilogue.o
       100          0          0          0          0         76   fmul.o

    ----------------------------------------------------------------------
      7336        318        144          8          0       3656   Library Totals
        14          0          0          0          0          0   (incl. Padding)

    ----------------------------------------------------------------------

      Code (inc. data)   RO Data    RW Data    ZI Data      Debug   Library Name

      2836        200        144          0          0        888   m_ws.l
      2624        118          0          8          0       1172   mc_w.l
      1862          0          0          0          0       1596   mf_w.l

    ----------------------------------------------------------------------
      7336        318        144          8          0       3656   Library Totals

    ----------------------------------------------------------------------

==============================================================================


      Code (inc. data)   RO Data    RW Data    ZI Data      Debug   

     19464        928        480         72       1640     341778   Grand Totals
     19464        928        480         72       1640     341778   ELF Image Totals
     19464        928        480         72          0          0   ROM Totals

==============================================================================

    Total RO  Size (Code + RO Data)                19944 (  19.48kB)
    Total RW  Size (RW Data + ZI Data)              1712 (   1.67kB)
    Total ROM Size (Code + RO Data + RW Data)      20016 (  19.55kB)

==============================================================================

